2026-10-04 01:08:32 ERROR [http-nio-8080-exec-4] c.o.o.e.GlobalExceptionHandler - CSRF validation failed: No static resource favicon.ico for request '/favicon.ico'.
2026-10-04 01:08:34 ERROR [http-nio-8080-exec-8] c.o.o.e.GlobalExceptionHandler - CSRF validation failed: No static resource favicon.ico for request '/favicon.ico'.
2026-10-04 01:08:39 ERROR [http-nio-8080-exec-9] c.o.o.e.GlobalExceptionHandler - CSRF validation failed: No static resource favicon.ico for request '/favicon.ico'.
2026-10-04 01:08:42 ERROR [http-nio-8080-exec-5] c.o.o.e.GlobalExceptionHandler - CSRF validation failed: No static resource favicon.ico for request '/favicon.ico'.
2026-10-04 01:08:43 ERROR [http-nio-8080-exec-3] c.o.o.e.GlobalExceptionHandler - CSRF validation failed: No static resource favicon.ico for request '/favicon.ico'.
2026-10-04 01:08:43 ERROR [http-nio-8080-exec-2] c.o.o.e.GlobalExceptionHandler - CSRF validation failed: No static resource favicon.ico for request '/favicon.ico'.
2026-10-04 01:08:43 ERROR [http-nio-8080-exec-3] c.o.o.e.GlobalExceptionHandler - CSRF validation failed: No static resource favicon.ico for request '/favicon.ico'.
2026-10-04 01:08:44 ERROR [http-nio-8080-exec-5] c.o.o.e.GlobalExceptionHandler - CSRF validation failed: No static resource favicon.ico for request '/favicon.ico'.
2026-10-04 01:20:11 INFO  [SpringApplicationShutdownHook] o.s.boot.tomcat.GracefulShutdown - Commencing graceful shutdown. Waiting for active requests to complete
2026-10-04 01:20:11 INFO  [tomcat-shutdown] o.s.boot.tomcat.GracefulShutdown - Graceful shutdown complete
2026-10-04 01:20:11 INFO  [SpringApplicationShutdownHook] o.s.o.j.LocalContainerEntityManagerFactoryBean - Closing JPA EntityManagerFactory for persistence unit 'default'
2026-10-04 01:20:11 INFO  [SpringApplicationShutdownHook] com.zaxxer.hikari.HikariDataSource - HikariPool-1 - Shutdown initiated...
2026-10-04 01:20:11 INFO  [SpringApplicationShutdownHook] com.zaxxer.hikari.HikariDataSource - HikariPool-1 - Shutdown completed.
2026-10-04 01:20:49 INFO  [main] c.o.order_mgmt.OrderMgmtApplication - Starting OrderMgmtApplication v0.0.1-SNAPSHOT using Java 25.0.4.1 with PID 1 (/app/target/order_mgmt-0.0.1-SNAPSHOT.jar started by root in /app)
2026-10-04 01:20:49 INFO  [main] c.o.order_mgmt.OrderMgmtApplication - No active profile set, falling back to 1 default profile: "default"
2026-10-04 01:20:49 INFO  [background-preinit] o.h.validator.internal.util.Version - HV000001: Hibernate Validator 9.1.3.Final
2026-10-04 01:20:50 INFO  [main] o.s.d.r.c.RepositoryConfigurationDelegate - Bootstrapping Spring Data JPA repositories in DEFAULT mode.
2026-10-04 01:20:50 INFO  [main] o.s.d.r.c.RepositoryConfigurationDelegate - Finished Spring Data repository scanning in 16 ms. Found 2 JPA repository interfaces.
2026-10-04 01:20:50 INFO  [main] o.s.boot.tomcat.TomcatWebServer - Tomcat initialized with port 8080 (http)
2026-10-04 01:20:50 INFO  [main] o.a.coyote.http11.Http11NioProtocol - Initializing ProtocolHandler ["http-nio-8080"]
2026-10-04 01:20:50 INFO  [main] o.a.catalina.core.StandardService - Starting service [Tomcat]
2026-10-04 01:20:50 INFO  [main] o.a.catalina.core.StandardEngine - Starting Servlet engine: [Apache Tomcat/11.0.24]
2026-10-04 01:20:50 INFO  [main] o.s.b.w.c.s.WebApplicationContextInitializer - Root WebApplicationContext: initialization completed in 559 ms
2026-10-04 01:20:50 INFO  [main] org.hibernate.orm.jpa - HHH008540: Processing PersistenceUnitInfo [name: default]
2026-10-04 01:20:50 INFO  [main] org.hibernate.orm.core - HHH000001: Hibernate ORM core version 7.4.5.Final
2026-10-04 01:20:50 INFO  [main] o.s.o.j.p.SpringPersistenceUnitInfo - No LoadTimeWeaver setup: ignoring JPA class transformer
2026-10-04 01:20:50 INFO  [main] com.zaxxer.hikari.HikariDataSource - HikariPool-1 - Starting...
2026-10-04 01:20:50 INFO  [main] com.zaxxer.hikari.pool.HikariPool - HikariPool-1 - Added connection org.postgresql.jdbc.PgConnection@420b55ed
2026-10-04 01:20:50 INFO  [main] com.zaxxer.hikari.HikariDataSource - HikariPool-1 - Start completed.
2026-10-04 01:20:50 INFO  [main] o.hibernate.orm.connections.pooling - HHH10001005: Database info:
	Database JDBC URL [jdbc:postgresql://postgres:5432/order_db]
	Database driver: PostgreSQL JDBC Driver
	Database dialect: PostgreSQLDialect
	Database version: 18.6
	Default catalog/schema: order_db/public
	Autocommit mode: undefined/unknown
	Isolation level: READ_COMMITTED [default READ_COMMITTED]
	JDBC fetch size: none
	Pool: DataSourceConnectionProvider
	Minimum pool size: undefined/unknown
	Maximum pool size: undefined/unknown
2026-10-04 01:20:51 INFO  [main] org.hibernate.orm.core - HHH000489: No JTA platform available (set 'hibernate.transaction.jta.platform' to enable JTA platform integration)
2026-10-04 01:20:51 INFO  [main] o.s.o.j.LocalContainerEntityManagerFactoryBean - Initialized JPA EntityManagerFactory for persistence unit 'default'
2026-10-04 01:20:51 INFO  [main] o.s.d.j.r.q.QueryEnhancerFactories - Hibernate is in classpath; If applicable, HQL parser will be used.
2026-10-04 01:20:51 WARN  [main] o.s.b.j.a.JpaBaseConfiguration$JpaWebConfiguration - spring.jpa.open-in-view is enabled by default. Therefore, database queries may be performed during view rendering. Explicitly configure spring.jpa.open-in-view to disable this warning
2026-10-04 01:20:51 INFO  [main] o.s.s.c.a.a.c.InitializeUserDetailsBeanManagerConfigurer$InitializeUserDetailsManagerConfigurer - Global AuthenticationManager configured with UserDetailsService bean with name userServiceImpl
2026-10-04 01:20:51 INFO  [main] o.a.coyote.http11.Http11NioProtocol - Starting ProtocolHandler ["http-nio-8080"]
2026-10-04 01:20:51 INFO  [main] o.s.boot.tomcat.TomcatWebServer - Tomcat started on port 8080 (http) with context path '/'
2026-10-04 01:20:51 INFO  [main] c.o.order_mgmt.OrderMgmtApplication - Started OrderMgmtApplication in 1.977 seconds (process running for 2.185)
2026-10-04 01:20:53 INFO  [http-nio-8080-exec-1] o.a.c.c.C.[Tomcat].[localhost].[/] - Initializing Spring DispatcherServlet 'dispatcherServlet'
2026-10-04 01:20:53 INFO  [http-nio-8080-exec-1] o.s.web.servlet.DispatcherServlet - Initializing Servlet 'dispatcherServlet'
2026-10-04 01:20:53 INFO  [http-nio-8080-exec-1] o.s.web.servlet.DispatcherServlet - Completed initialization in 1 ms
2026-10-04 01:21:04 ERROR [http-nio-8080-exec-6] c.o.o.e.GlobalExceptionHandler - CSRF validation failed: No static resource favicon.ico for request '/favicon.ico'.
2026-10-04 01:21:07 ERROR [http-nio-8080-exec-6] c.o.o.e.GlobalExceptionHandler - CSRF validation failed: No static resource favicon.ico for request '/favicon.ico'.
2026-10-04 01:21:12 ERROR [http-nio-8080-exec-1] c.o.o.e.GlobalExceptionHandler - CSRF validation failed: No static resource favicon.ico for request '/favicon.ico'.
2026-10-04 01:21:17 ERROR [http-nio-8080-exec-3] c.o.o.e.GlobalExceptionHandler - CSRF validation failed: No static resource favicon.ico for request '/favicon.ico'.
2026-10-04 01:21:35 ERROR [http-nio-8080-exec-8] c.o.o.e.GlobalExceptionHandler - CSRF validation failed: No static resource favicon.ico for request '/favicon.ico'.
2026-10-04 01:21:37 ERROR [http-nio-8080-exec-4] c.o.o.e.GlobalExceptionHandler - CSRF validation failed: No static resource favicon.ico for request '/favicon.ico'.
2026-10-04 02:24:12 ERROR [http-nio-8080-exec-6] c.o.o.e.GlobalExceptionHandler - CSRF validation failed: No static resource favicon.ico for request '/favicon.ico'.
2026-10-04 02:24:17 ERROR [http-nio-8080-exec-9] c.o.o.e.GlobalExceptionHandler - CSRF validation failed: No static resource favicon.ico for request '/favicon.ico'.
2026-10-04 02:31:26 INFO  [SpringApplicationShutdownHook] o.s.boot.tomcat.GracefulShutdown - Commencing graceful shutdown. Waiting for active requests to complete
2026-10-04 02:31:26 INFO  [tomcat-shutdown] o.s.boot.tomcat.GracefulShutdown - Graceful shutdown complete
2026-10-04 02:31:26 INFO  [SpringApplicationShutdownHook] o.s.o.j.LocalContainerEntityManagerFactoryBean - Closing JPA EntityManagerFactory for persistence unit 'default'
2026-10-04 02:31:26 INFO  [SpringApplicationShutdownHook] com.zaxxer.hikari.HikariDataSource - HikariPool-1 - Shutdown initiated...
2026-10-04 02:31:26 INFO  [SpringApplicationShutdownHook] com.zaxxer.hikari.HikariDataSource - HikariPool-1 - Shutdown completed.
2026-10-04 02:32:16 INFO  [main] c.o.order_mgmt.OrderMgmtApplication - Starting OrderMgmtApplication v0.0.1-SNAPSHOT using Java 25.0.4.1 with PID 1 (/app/target/order_mgmt-0.0.1-SNAPSHOT.jar started by root in /app)
2026-10-04 02:32:16 INFO  [main] c.o.order_mgmt.OrderMgmtApplication - No active profile set, falling back to 1 default profile: "default"
2026-10-04 02:32:16 INFO  [background-preinit] o.h.validator.internal.util.Version - HV000001: Hibernate Validator 9.1.3.Final
2026-10-04 02:32:17 INFO  [main] o.s.d.r.c.RepositoryConfigurationDelegate - Bootstrapping Spring Data JPA repositories in DEFAULT mode.
2026-10-04 02:32:17 INFO  [main] o.s.d.r.c.RepositoryConfigurationDelegate - Finished Spring Data repository scanning in 18 ms. Found 2 JPA repository interfaces.
2026-10-04 02:32:17 INFO  [main] o.s.boot.tomcat.TomcatWebServer - Tomcat initialized with port 8080 (http)
2026-10-04 02:32:17 INFO  [main] o.a.coyote.http11.Http11NioProtocol - Initializing ProtocolHandler ["http-nio-8080"]
2026-10-04 02:32:17 INFO  [main] o.a.catalina.core.StandardService - Starting service [Tomcat]
2026-10-04 02:32:17 INFO  [main] o.a.catalina.core.StandardEngine - Starting Servlet engine: [Apache Tomcat/11.0.24]
2026-10-04 02:32:17 INFO  [main] o.s.b.w.c.s.WebApplicationContextInitializer - Root WebApplicationContext: initialization completed in 595 ms
2026-10-04 02:32:17 INFO  [main] org.hibernate.orm.jpa - HHH008540: Processing PersistenceUnitInfo [name: default]
2026-10-04 02:32:17 INFO  [main] org.hibernate.orm.core - HHH000001: Hibernate ORM core version 7.4.5.Final
2026-10-04 02:32:17 INFO  [main] o.s.o.j.p.SpringPersistenceUnitInfo - No LoadTimeWeaver setup: ignoring JPA class transformer
2026-10-04 02:32:17 INFO  [main] com.zaxxer.hikari.HikariDataSource - HikariPool-1 - Starting...
2026-10-04 02:32:17 INFO  [main] com.zaxxer.hikari.pool.HikariPool - HikariPool-1 - Added connection org.postgresql.jdbc.PgConnection@420b55ed
2026-10-04 02:32:17 INFO  [main] com.zaxxer.hikari.HikariDataSource - HikariPool-1 - Start completed.
2026-10-04 02:32:17 INFO  [main] o.hibernate.orm.connections.pooling - HHH10001005: Database info:
	Database JDBC URL [jdbc:postgresql://postgres:5432/order_db]
	Database driver: PostgreSQL JDBC Driver
	Database dialect: PostgreSQLDialect
	Database version: 18.6
	Default catalog/schema: order_db/public
	Autocommit mode: undefined/unknown
	Isolation level: READ_COMMITTED [default READ_COMMITTED]
	JDBC fetch size: none
	Pool: DataSourceConnectionProvider
	Minimum pool size: undefined/unknown
	Maximum pool size: undefined/unknown
2026-10-04 02:32:18 INFO  [main] org.hibernate.orm.core - HHH000489: No JTA platform available (set 'hibernate.transaction.jta.platform' to enable JTA platform integration)
2026-10-04 02:32:18 INFO  [main] o.s.o.j.LocalContainerEntityManagerFactoryBean - Initialized JPA EntityManagerFactory for persistence unit 'default'
2026-10-04 02:32:18 INFO  [main] o.s.d.j.r.q.QueryEnhancerFactories - Hibernate is in classpath; If applicable, HQL parser will be used.
2026-10-04 02:32:18 WARN  [main] o.s.b.j.a.JpaBaseConfiguration$JpaWebConfiguration - spring.jpa.open-in-view is enabled by default. Therefore, database queries may be performed during view rendering. Explicitly configure spring.jpa.open-in-view to disable this warning
2026-10-04 02:32:18 INFO  [main] o.s.s.c.a.a.c.InitializeUserDetailsBeanManagerConfigurer$InitializeUserDetailsManagerConfigurer - Global AuthenticationManager configured with UserDetailsService bean with name userServiceImpl
2026-10-04 02:32:18 INFO  [main] o.a.coyote.http11.Http11NioProtocol - Starting ProtocolHandler ["http-nio-8080"]
2026-10-04 02:32:18 INFO  [main] o.s.boot.tomcat.TomcatWebServer - Tomcat started on port 8080 (http) with context path '/'
2026-10-04 02:32:18 INFO  [main] c.o.order_mgmt.OrderMgmtApplication - Started OrderMgmtApplication in 1.952 seconds (process running for 2.162)
2026-10-04 02:32:25 INFO  [http-nio-8080-exec-1] o.a.c.c.C.[Tomcat].[localhost].[/] - Initializing Spring DispatcherServlet 'dispatcherServlet'
2026-10-04 02:32:25 INFO  [http-nio-8080-exec-1] o.s.web.servlet.DispatcherServlet - Initializing Servlet 'dispatcherServlet'
2026-10-04 02:32:25 INFO  [http-nio-8080-exec-1] o.s.web.servlet.DispatcherServlet - Completed initialization in 0 ms
2026-10-04 02:32:35 ERROR [http-nio-8080-exec-7] c.o.o.e.GlobalExceptionHandler - CSRF validation failed: No static resource favicon.ico for request '/favicon.ico'.
2026-10-04 02:32:41 ERROR [http-nio-8080-exec-3] c.o.o.e.GlobalExceptionHandler - CSRF validation failed: No static resource favicon.ico for request '/favicon.ico'.
2026-10-04 02:32:46 ERROR [http-nio-8080-exec-10] c.o.o.e.GlobalExceptionHandler - CSRF validation failed: No static resource .well-known/appspecific/com.chrome.devtools.json for request '/.well-known/appspecific/com.chrome.devtools.json'.
2026-10-04 02:36:05 INFO  [SpringApplicationShutdownHook] o.s.boot.tomcat.GracefulShutdown - Commencing graceful shutdown. Waiting for active requests to complete
2026-10-04 02:36:05 INFO  [tomcat-shutdown] o.s.boot.tomcat.GracefulShutdown - Graceful shutdown complete
2026-10-04 02:36:05 INFO  [SpringApplicationShutdownHook] o.s.o.j.LocalContainerEntityManagerFactoryBean - Closing JPA EntityManagerFactory for persistence unit 'default'
2026-10-04 02:36:05 INFO  [SpringApplicationShutdownHook] com.zaxxer.hikari.HikariDataSource - HikariPool-1 - Shutdown initiated...
2026-10-04 02:36:05 INFO  [SpringApplicationShutdownHook] com.zaxxer.hikari.HikariDataSource - HikariPool-1 - Shutdown completed.
2026-10-04 02:36:39 INFO  [main] c.o.order_mgmt.OrderMgmtApplication - Starting OrderMgmtApplication v0.0.1-SNAPSHOT using Java 25.0.4.1 with PID 1 (/app/target/order_mgmt-0.0.1-SNAPSHOT.jar started by root in /app)
2026-10-04 02:36:39 INFO  [main] c.o.order_mgmt.OrderMgmtApplication - No active profile set, falling back to 1 default profile: "default"
2026-10-04 02:36:39 INFO  [background-preinit] o.h.validator.internal.util.Version - HV000001: Hibernate Validator 9.1.3.Final
2026-10-04 02:36:39 INFO  [main] o.s.d.r.c.RepositoryConfigurationDelegate - Bootstrapping Spring Data JPA repositories in DEFAULT mode.
2026-10-04 02:36:39 INFO  [main] o.s.d.r.c.RepositoryConfigurationDelegate - Finished Spring Data repository scanning in 14 ms. Found 2 JPA repository interfaces.
2026-10-04 02:36:40 INFO  [main] o.s.boot.tomcat.TomcatWebServer - Tomcat initialized with port 8080 (http)
2026-10-04 02:36:40 INFO  [main] o.a.coyote.http11.Http11NioProtocol - Initializing ProtocolHandler ["http-nio-8080"]
2026-10-04 02:36:40 INFO  [main] o.a.catalina.core.StandardService - Starting service [Tomcat]
2026-10-04 02:36:40 INFO  [main] o.a.catalina.core.StandardEngine - Starting Servlet engine: [Apache Tomcat/11.0.24]
2026-10-04 02:36:40 INFO  [main] o.s.b.w.c.s.WebApplicationContextInitializer - Root WebApplicationContext: initialization completed in 594 ms
2026-10-04 02:36:40 INFO  [main] org.hibernate.orm.jpa - HHH008540: Processing PersistenceUnitInfo [name: default]
2026-10-04 02:36:40 INFO  [main] org.hibernate.orm.core - HHH000001: Hibernate ORM core version 7.4.5.Final
2026-10-04 02:36:40 INFO  [main] o.s.o.j.p.SpringPersistenceUnitInfo - No LoadTimeWeaver setup: ignoring JPA class transformer
2026-10-04 02:36:40 INFO  [main] com.zaxxer.hikari.HikariDataSource - HikariPool-1 - Starting...
2026-10-04 02:36:40 INFO  [main] com.zaxxer.hikari.pool.HikariPool - HikariPool-1 - Added connection org.postgresql.jdbc.PgConnection@6fe5da76
2026-10-04 02:36:40 INFO  [main] com.zaxxer.hikari.HikariDataSource - HikariPool-1 - Start completed.
2026-10-04 02:36:40 INFO  [main] o.hibernate.orm.connections.pooling - HHH10001005: Database info:
	Database JDBC URL [jdbc:postgresql://postgres:5432/order_db]
	Database driver: PostgreSQL JDBC Driver
	Database dialect: PostgreSQLDialect
	Database version: 18.6
	Default catalog/schema: order_db/public
	Autocommit mode: undefined/unknown
	Isolation level: READ_COMMITTED [default READ_COMMITTED]
	JDBC fetch size: none
	Pool: DataSourceConnectionProvider
	Minimum pool size: undefined/unknown
	Maximum pool size: undefined/unknown
2026-10-04 02:36:40 INFO  [main] org.hibernate.orm.core - HHH000489: No JTA platform available (set 'hibernate.transaction.jta.platform' to enable JTA platform integration)
2026-10-04 02:36:40 INFO  [main] o.s.o.j.LocalContainerEntityManagerFactoryBean - Initialized JPA EntityManagerFactory for persistence unit 'default'
2026-10-04 02:36:40 INFO  [main] o.s.d.j.r.q.QueryEnhancerFactories - Hibernate is in classpath; If applicable, HQL parser will be used.
2026-10-04 02:36:41 WARN  [main] o.s.b.j.a.JpaBaseConfiguration$JpaWebConfiguration - spring.jpa.open-in-view is enabled by default. Therefore, database queries may be performed during view rendering. Explicitly configure spring.jpa.open-in-view to disable this warning
2026-10-04 02:36:41 INFO  [main] o.s.s.c.a.a.c.InitializeUserDetailsBeanManagerConfigurer$InitializeUserDetailsManagerConfigurer - Global AuthenticationManager configured with UserDetailsService bean with name userServiceImpl
2026-10-04 02:36:41 INFO  [main] o.a.coyote.http11.Http11NioProtocol - Starting ProtocolHandler ["http-nio-8080"]
2026-10-04 02:36:41 INFO  [main] o.s.boot.tomcat.TomcatWebServer - Tomcat started on port 8080 (http) with context path '/'
2026-10-04 02:36:41 INFO  [main] c.o.order_mgmt.OrderMgmtApplication - Started OrderMgmtApplication in 2.014 seconds (process running for 2.217)
2026-10-04 02:36:42 INFO  [http-nio-8080-exec-1] o.a.c.c.C.[Tomcat].[localhost].[/] - Initializing Spring DispatcherServlet 'dispatcherServlet'
2026-10-04 02:36:42 INFO  [http-nio-8080-exec-1] o.s.web.servlet.DispatcherServlet - Initializing Servlet 'dispatcherServlet'
2026-10-04 02:36:42 INFO  [http-nio-8080-exec-1] o.s.web.servlet.DispatcherServlet - Completed initialization in 1 ms
2026-10-04 02:36:58 ERROR [http-nio-8080-exec-3] c.o.o.e.GlobalExceptionHandler - CSRF validation failed: No static resource .well-known/appspecific/com.chrome.devtools.json for request '/.well-known/appspecific/com.chrome.devtools.json'.
2026-10-04 02:36:59 ERROR [http-nio-8080-exec-10] c.o.o.e.GlobalExceptionHandler - CSRF validation failed: No static resource favicon.ico for request '/favicon.ico'.
2026-10-04 02:37:03 ERROR [http-nio-8080-exec-5] c.o.o.e.GlobalExceptionHandler - CSRF validation failed: No static resource .well-known/appspecific/com.chrome.devtools.json for request '/.well-known/appspecific/com.chrome.devtools.json'.
2026-10-04 02:37:03 ERROR [http-nio-8080-exec-10] c.o.o.e.GlobalExceptionHandler - CSRF validation failed: No static resource favicon.ico for request '/favicon.ico'.
2026-10-04 02:44:51 INFO  [SpringApplicationShutdownHook] o.s.boot.tomcat.GracefulShutdown - Commencing graceful shutdown. Waiting for active requests to complete
2026-10-04 02:44:51 INFO  [tomcat-shutdown] o.s.boot.tomcat.GracefulShutdown - Graceful shutdown complete
2026-10-04 02:44:51 INFO  [SpringApplicationShutdownHook] o.s.o.j.LocalContainerEntityManagerFactoryBean - Closing JPA EntityManagerFactory for persistence unit 'default'
2026-10-04 02:44:51 INFO  [SpringApplicationShutdownHook] com.zaxxer.hikari.HikariDataSource - HikariPool-1 - Shutdown initiated...
2026-10-04 02:44:51 INFO  [SpringApplicationShutdownHook] com.zaxxer.hikari.HikariDataSource - HikariPool-1 - Shutdown completed.
2026-10-04 02:45:26 INFO  [main] c.o.order_mgmt.OrderMgmtApplication - Starting OrderMgmtApplication v0.0.1-SNAPSHOT using Java 25.0.4.1 with PID 1 (/app/target/order_mgmt-0.0.1-SNAPSHOT.jar started by root in /app)
2026-10-04 02:45:26 INFO  [main] c.o.order_mgmt.OrderMgmtApplication - No active profile set, falling back to 1 default profile: "default"
2026-10-04 02:45:26 INFO  [background-preinit] o.h.validator.internal.util.Version - HV000001: Hibernate Validator 9.1.3.Final
2026-10-04 02:45:26 INFO  [main] o.s.d.r.c.RepositoryConfigurationDelegate - Bootstrapping Spring Data JPA repositories in DEFAULT mode.
2026-10-04 02:45:26 INFO  [main] o.s.d.r.c.RepositoryConfigurationDelegate - Finished Spring Data repository scanning in 22 ms. Found 2 JPA repository interfaces.
2026-10-04 02:45:26 INFO  [main] o.s.boot.tomcat.TomcatWebServer - Tomcat initialized with port 8080 (http)
2026-10-04 02:45:26 INFO  [main] o.a.coyote.http11.Http11NioProtocol - Initializing ProtocolHandler ["http-nio-8080"]
2026-10-04 02:45:26 INFO  [main] o.a.catalina.core.StandardService - Starting service [Tomcat]
2026-10-04 02:45:26 INFO  [main] o.a.catalina.core.StandardEngine - Starting Servlet engine: [Apache Tomcat/11.0.24]
2026-10-04 02:45:26 INFO  [main] o.s.b.w.c.s.WebApplicationContextInitializer - Root WebApplicationContext: initialization completed in 608 ms
2026-10-04 02:45:26 INFO  [main] org.hibernate.orm.jpa - HHH008540: Processing PersistenceUnitInfo [name: default]
2026-10-04 02:45:26 INFO  [main] org.hibernate.orm.core - HHH000001: Hibernate ORM core version 7.4.5.Final
2026-10-04 02:45:27 INFO  [main] o.s.o.j.p.SpringPersistenceUnitInfo - No LoadTimeWeaver setup: ignoring JPA class transformer
2026-10-04 02:45:27 INFO  [main] com.zaxxer.hikari.HikariDataSource - HikariPool-1 - Starting...
2026-10-04 02:45:27 INFO  [main] com.zaxxer.hikari.pool.HikariPool - HikariPool-1 - Added connection org.postgresql.jdbc.PgConnection@7037a680
2026-10-04 02:45:27 INFO  [main] com.zaxxer.hikari.HikariDataSource - HikariPool-1 - Start completed.
2026-10-04 02:45:27 INFO  [main] o.hibernate.orm.connections.pooling - HHH10001005: Database info:
	Database JDBC URL [jdbc:postgresql://postgres:5432/order_db]
	Database driver: PostgreSQL JDBC Driver
	Database dialect: PostgreSQLDialect
	Database version: 18.6
	Default catalog/schema: order_db/public
	Autocommit mode: undefined/unknown
	Isolation level: READ_COMMITTED [default READ_COMMITTED]
	JDBC fetch size: none
	Pool: DataSourceConnectionProvider
	Minimum pool size: undefined/unknown
	Maximum pool size: undefined/unknown
2026-10-04 02:45:27 INFO  [main] org.hibernate.orm.core - HHH000489: No JTA platform available (set 'hibernate.transaction.jta.platform' to enable JTA platform integration)
2026-10-04 02:45:27 INFO  [main] o.s.o.j.LocalContainerEntityManagerFactoryBean - Initialized JPA EntityManagerFactory for persistence unit 'default'
2026-10-04 02:45:27 INFO  [main] o.s.d.j.r.q.QueryEnhancerFactories - Hibernate is in classpath; If applicable, HQL parser will be used.
2026-10-04 02:45:27 WARN  [main] o.s.b.j.a.JpaBaseConfiguration$JpaWebConfiguration - spring.jpa.open-in-view is enabled by default. Therefore, database queries may be performed during view rendering. Explicitly configure spring.jpa.open-in-view to disable this warning
2026-10-04 02:45:27 INFO  [main] o.s.s.c.a.a.c.InitializeUserDetailsBeanManagerConfigurer$InitializeUserDetailsManagerConfigurer - Global AuthenticationManager configured with UserDetailsService bean with name userServiceImpl
2026-10-04 02:45:27 INFO  [main] o.a.coyote.http11.Http11NioProtocol - Starting ProtocolHandler ["http-nio-8080"]
2026-10-04 02:45:27 INFO  [main] o.s.boot.tomcat.TomcatWebServer - Tomcat started on port 8080 (http) with context path '/'
2026-10-04 02:45:27 INFO  [main] c.o.order_mgmt.OrderMgmtApplication - Started OrderMgmtApplication in 2.086 seconds (process running for 2.292)
2026-10-04 02:45:29 INFO  [http-nio-8080-exec-2] o.a.c.c.C.[Tomcat].[localhost].[/] - Initializing Spring DispatcherServlet 'dispatcherServlet'
2026-10-04 02:45:29 INFO  [http-nio-8080-exec-2] o.s.web.servlet.DispatcherServlet - Initializing Servlet 'dispatcherServlet'
2026-10-04 02:45:29 INFO  [http-nio-8080-exec-2] o.s.web.servlet.DispatcherServlet - Completed initialization in 1 ms
2026-10-04 02:45:36 ERROR [http-nio-8080-exec-6] c.o.o.e.GlobalExceptionHandler - CSRF validation failed: No static resource favicon.ico for request '/favicon.ico'.
2026-10-04 02:45:39 ERROR [http-nio-8080-exec-1] c.o.o.e.GlobalExceptionHandler - CSRF validation failed: No static resource favicon.ico for request '/favicon.ico'.
2026-10-04 02:55:44 ERROR [http-nio-8080-exec-9] c.o.o.e.GlobalExceptionHandler - CSRF validation failed: No static resource favicon.ico for request '/favicon.ico'.
2026-10-04 03:00:12 INFO  [SpringApplicationShutdownHook] o.s.boot.tomcat.GracefulShutdown - Commencing graceful shutdown. Waiting for active requests to complete
2026-10-04 03:00:12 INFO  [tomcat-shutdown] o.s.boot.tomcat.GracefulShutdown - Graceful shutdown complete
2026-10-04 03:00:12 INFO  [SpringApplicationShutdownHook] o.s.o.j.LocalContainerEntityManagerFactoryBean - Closing JPA EntityManagerFactory for persistence unit 'default'
2026-10-04 03:00:12 INFO  [SpringApplicationShutdownHook] com.zaxxer.hikari.HikariDataSource - HikariPool-1 - Shutdown initiated...
2026-10-04 03:00:12 INFO  [SpringApplicationShutdownHook] com.zaxxer.hikari.HikariDataSource - HikariPool-1 - Shutdown completed.
2026-10-04 03:00:49 INFO  [main] c.o.order_mgmt.OrderMgmtApplication - Starting OrderMgmtApplication v0.0.1-SNAPSHOT using Java 25.0.4.1 with PID 1 (/app/target/order_mgmt-0.0.1-SNAPSHOT.jar started by root in /app)
2026-10-04 03:00:49 INFO  [main] c.o.order_mgmt.OrderMgmtApplication - No active profile set, falling back to 1 default profile: "default"
2026-10-04 03:00:49 INFO  [background-preinit] o.h.validator.internal.util.Version - HV000001: Hibernate Validator 9.1.3.Final
2026-10-04 03:00:49 INFO  [main] o.s.d.r.c.RepositoryConfigurationDelegate - Bootstrapping Spring Data JPA repositories in DEFAULT mode.
2026-10-04 03:00:49 INFO  [main] o.s.d.r.c.RepositoryConfigurationDelegate - Finished Spring Data repository scanning in 25 ms. Found 2 JPA repository interfaces.
2026-10-04 03:00:49 INFO  [main] o.s.boot.tomcat.TomcatWebServer - Tomcat initialized with port 8080 (http)
2026-10-04 03:00:49 INFO  [main] o.a.coyote.http11.Http11NioProtocol - Initializing ProtocolHandler ["http-nio-8080"]
2026-10-04 03:00:49 INFO  [main] o.a.catalina.core.StandardService - Starting service [Tomcat]
2026-10-04 03:00:49 INFO  [main] o.a.catalina.core.StandardEngine - Starting Servlet engine: [Apache Tomcat/11.0.24]
2026-10-04 03:00:49 INFO  [main] o.s.b.w.c.s.WebApplicationContextInitializer - Root WebApplicationContext: initialization completed in 696 ms
2026-10-04 03:00:50 INFO  [main] org.hibernate.orm.jpa - HHH008540: Processing PersistenceUnitInfo [name: default]
2026-10-04 03:00:50 INFO  [main] org.hibernate.orm.core - HHH000001: Hibernate ORM core version 7.4.5.Final
2026-10-04 03:00:50 INFO  [main] o.s.o.j.p.SpringPersistenceUnitInfo - No LoadTimeWeaver setup: ignoring JPA class transformer
2026-10-04 03:00:50 INFO  [main] com.zaxxer.hikari.HikariDataSource - HikariPool-1 - Starting...
2026-10-04 03:00:50 INFO  [main] com.zaxxer.hikari.pool.HikariPool - HikariPool-1 - Added connection org.postgresql.jdbc.PgConnection@73ddb7ef
2026-10-04 03:00:50 INFO  [main] com.zaxxer.hikari.HikariDataSource - HikariPool-1 - Start completed.
2026-10-04 03:00:50 INFO  [main] o.hibernate.orm.connections.pooling - HHH10001005: Database info:
	Database JDBC URL [jdbc:postgresql://postgres:5432/order_db]
	Database driver: PostgreSQL JDBC Driver
	Database dialect: PostgreSQLDialect
	Database version: 18.6
	Default catalog/schema: order_db/public
	Autocommit mode: undefined/unknown
	Isolation level: READ_COMMITTED [default READ_COMMITTED]
	JDBC fetch size: none
	Pool: DataSourceConnectionProvider
	Minimum pool size: undefined/unknown
	Maximum pool size: undefined/unknown
2026-10-04 03:00:50 INFO  [main] org.hibernate.orm.core - HHH000489: No JTA platform available (set 'hibernate.transaction.jta.platform' to enable JTA platform integration)
2026-10-04 03:00:50 INFO  [main] o.s.o.j.LocalContainerEntityManagerFactoryBean - Initialized JPA EntityManagerFactory for persistence unit 'default'
2026-10-04 03:00:50 INFO  [main] o.s.d.j.r.q.QueryEnhancerFactories - Hibernate is in classpath; If applicable, HQL parser will be used.
2026-10-04 03:00:51 WARN  [main] o.s.b.j.a.JpaBaseConfiguration$JpaWebConfiguration - spring.jpa.open-in-view is enabled by default. Therefore, database queries may be performed during view rendering. Explicitly configure spring.jpa.open-in-view to disable this warning
2026-10-04 03:00:51 INFO  [main] o.s.s.c.a.a.c.InitializeUserDetailsBeanManagerConfigurer$InitializeUserDetailsManagerConfigurer - Global AuthenticationManager configured with UserDetailsService bean with name userServiceImpl
2026-10-04 03:00:51 INFO  [main] o.a.coyote.http11.Http11NioProtocol - Starting ProtocolHandler ["http-nio-8080"]
2026-10-04 03:00:51 INFO  [main] o.s.boot.tomcat.TomcatWebServer - Tomcat started on port 8080 (http) with context path '/'
2026-10-04 03:00:51 INFO  [main] c.o.order_mgmt.OrderMgmtApplication - Started OrderMgmtApplication in 2.296 seconds (process running for 2.54)
2026-10-04 03:00:55 INFO  [http-nio-8080-exec-1] o.a.c.c.C.[Tomcat].[localhost].[/] - Initializing Spring DispatcherServlet 'dispatcherServlet'
2026-10-04 03:00:55 INFO  [http-nio-8080-exec-1] o.s.web.servlet.DispatcherServlet - Initializing Servlet 'dispatcherServlet'
2026-10-04 03:00:55 INFO  [http-nio-8080-exec-1] o.s.web.servlet.DispatcherServlet - Completed initialization in 1 ms
2026-10-04 03:01:04 ERROR [http-nio-8080-exec-10] c.o.o.e.GlobalExceptionHandler - CSRF validation failed: No static resource favicon.ico for request '/favicon.ico'.
2026-10-04 03:01:06 ERROR [http-nio-8080-exec-4] c.o.o.e.GlobalExceptionHandler - CSRF validation failed: No static resource favicon.ico for request '/favicon.ico'.
2026-10-04 03:03:28 ERROR [http-nio-8080-exec-3] c.o.o.e.GlobalExceptionHandler - CSRF validation failed: No static resource favicon.ico for request '/favicon.ico'.
2026-10-04 15:06:08 ERROR [http-nio-8080-exec-8] c.o.o.e.GlobalExceptionHandler - CSRF validation failed: No static resource favicon.ico for request '/favicon.ico'.
2026-10-04 15:06:10 ERROR [http-nio-8080-exec-4] c.o.o.e.GlobalExceptionHandler - CSRF validation failed: No static resource favicon.ico for request '/favicon.ico'.
