2026-10-03 09:30:52 ERROR [http-nio-8080-exec-9] c.o.o.e.GlobalExceptionHandler - CSRF validation failed: No static resource favicon.ico for request '/favicon.ico'.
2026-10-03 09:30:54 ERROR [http-nio-8080-exec-7] c.o.o.e.GlobalExceptionHandler - CSRF validation failed: No static resource  for request '/'.
2026-10-03 09:30:54 ERROR [http-nio-8080-exec-10] c.o.o.e.GlobalExceptionHandler - CSRF validation failed: No static resource favicon.ico for request '/favicon.ico'.
2026-10-03 09:30:56 ERROR [http-nio-8080-exec-1] c.o.o.e.GlobalExceptionHandler - CSRF validation failed: No static resource index.html for request '/index.html'.
2026-10-03 09:30:56 ERROR [http-nio-8080-exec-5] c.o.o.e.GlobalExceptionHandler - CSRF validation failed: No static resource favicon.ico for request '/favicon.ico'.
2026-10-03 09:31:01 ERROR [http-nio-8080-exec-2] c.o.o.e.GlobalExceptionHandler - CSRF validation failed: No static resource  for request '/'.
2026-10-03 09:31:01 ERROR [http-nio-8080-exec-3] c.o.o.e.GlobalExceptionHandler - CSRF validation failed: No static resource favicon.ico for request '/favicon.ico'.
2026-10-03 09:31:07 ERROR [http-nio-8080-exec-6] c.o.o.e.GlobalExceptionHandler - CSRF validation failed: No static resource favicon.ico for request '/favicon.ico'.
2026-10-03 09:31:15 ERROR [http-nio-8080-exec-3] c.o.o.e.GlobalExceptionHandler - CSRF validation failed: No static resource favicon.ico for request '/favicon.ico'.
2026-10-03 10:16:08 ERROR [http-nio-8080-exec-10] c.o.o.e.GlobalExceptionHandler - CSRF validation failed: No static resource favicon.ico for request '/favicon.ico'.
2026-10-03 10:52:51 INFO  [SpringApplicationShutdownHook] o.s.boot.tomcat.GracefulShutdown - Commencing graceful shutdown. Waiting for active requests to complete
2026-10-03 10:52:51 INFO  [tomcat-shutdown] o.s.boot.tomcat.GracefulShutdown - Graceful shutdown complete
2026-10-03 10:52:51 INFO  [SpringApplicationShutdownHook] o.s.o.j.LocalContainerEntityManagerFactoryBean - Closing JPA EntityManagerFactory for persistence unit 'default'
2026-10-03 10:52:51 INFO  [SpringApplicationShutdownHook] com.zaxxer.hikari.HikariDataSource - HikariPool-1 - Shutdown initiated...
2026-10-03 10:52:51 INFO  [SpringApplicationShutdownHook] com.zaxxer.hikari.HikariDataSource - HikariPool-1 - Shutdown completed.
2026-10-03 10:53:44 INFO  [main] c.o.order_mgmt.OrderMgmtApplication - Starting OrderMgmtApplication v0.0.1-SNAPSHOT using Java 25.0.4.1 with PID 1 (/app/target/order_mgmt-0.0.1-SNAPSHOT.jar started by root in /app)
2026-10-03 10:53:44 INFO  [main] c.o.order_mgmt.OrderMgmtApplication - No active profile set, falling back to 1 default profile: "default"
2026-10-03 10:53:44 INFO  [background-preinit] o.h.validator.internal.util.Version - HV000001: Hibernate Validator 9.1.3.Final
2026-10-03 10:53:44 INFO  [main] o.s.d.r.c.RepositoryConfigurationDelegate - Bootstrapping Spring Data JPA repositories in DEFAULT mode.
2026-10-03 10:53:44 INFO  [main] o.s.d.r.c.RepositoryConfigurationDelegate - Finished Spring Data repository scanning in 13 ms. Found 2 JPA repository interfaces.
2026-10-03 10:53:44 INFO  [main] o.s.boot.tomcat.TomcatWebServer - Tomcat initialized with port 8080 (http)
2026-10-03 10:53:44 INFO  [main] o.a.coyote.http11.Http11NioProtocol - Initializing ProtocolHandler ["http-nio-8080"]
2026-10-03 10:53:44 INFO  [main] o.a.catalina.core.StandardService - Starting service [Tomcat]
2026-10-03 10:53:44 INFO  [main] o.a.catalina.core.StandardEngine - Starting Servlet engine: [Apache Tomcat/11.0.24]
2026-10-03 10:53:44 INFO  [main] o.s.b.w.c.s.WebApplicationContextInitializer - Root WebApplicationContext: initialization completed in 554 ms
2026-10-03 10:53:44 INFO  [main] org.hibernate.orm.jpa - HHH008540: Processing PersistenceUnitInfo [name: default]
2026-10-03 10:53:44 INFO  [main] org.hibernate.orm.core - HHH000001: Hibernate ORM core version 7.4.5.Final
2026-10-03 10:53:45 INFO  [main] o.s.o.j.p.SpringPersistenceUnitInfo - No LoadTimeWeaver setup: ignoring JPA class transformer
2026-10-03 10:53:45 INFO  [main] com.zaxxer.hikari.HikariDataSource - HikariPool-1 - Starting...
2026-10-03 10:53:45 INFO  [main] com.zaxxer.hikari.pool.HikariPool - HikariPool-1 - Added connection org.postgresql.jdbc.PgConnection@420b55ed
2026-10-03 10:53:45 INFO  [main] com.zaxxer.hikari.HikariDataSource - HikariPool-1 - Start completed.
2026-10-03 10:53:45 INFO  [main] o.hibernate.orm.connections.pooling - HHH10001005: Database info:
	Database JDBC URL [jdbc:postgresql://postgres:5432/order_db]
	Database driver: PostgreSQL JDBC Driver
	Database dialect: PostgreSQLDialect
	Database version: 18.6
	Default catalog/schema: order_db/public
	Autocommit mode: undefined/unknown
	Isolation level: READ_COMMITTED [default READ_COMMITTED]
	JDBC fetch size: none
	Pool: DataSourceConnectionProvider
	Minimum pool size: undefined/unknown
	Maximum pool size: undefined/unknown
2026-10-03 10:53:45 INFO  [main] org.hibernate.orm.core - HHH000489: No JTA platform available (set 'hibernate.transaction.jta.platform' to enable JTA platform integration)
2026-10-03 10:53:45 INFO  [main] o.s.o.j.LocalContainerEntityManagerFactoryBean - Initialized JPA EntityManagerFactory for persistence unit 'default'
2026-10-03 10:53:45 INFO  [main] o.s.d.j.r.q.QueryEnhancerFactories - Hibernate is in classpath; If applicable, HQL parser will be used.
2026-10-03 10:53:45 WARN  [main] o.s.b.j.a.JpaBaseConfiguration$JpaWebConfiguration - spring.jpa.open-in-view is enabled by default. Therefore, database queries may be performed during view rendering. Explicitly configure spring.jpa.open-in-view to disable this warning
2026-10-03 10:53:45 INFO  [main] o.s.s.c.a.a.c.InitializeUserDetailsBeanManagerConfigurer$InitializeUserDetailsManagerConfigurer - Global AuthenticationManager configured with UserDetailsService bean with name userServiceImpl
2026-10-03 10:53:45 INFO  [main] o.a.coyote.http11.Http11NioProtocol - Starting ProtocolHandler ["http-nio-8080"]
2026-10-03 10:53:45 INFO  [main] o.s.boot.tomcat.TomcatWebServer - Tomcat started on port 8080 (http) with context path '/'
2026-10-03 10:53:45 INFO  [main] c.o.order_mgmt.OrderMgmtApplication - Started OrderMgmtApplication in 1.953 seconds (process running for 2.175)
2026-10-03 10:58:26 INFO  [SpringApplicationShutdownHook] o.s.boot.tomcat.GracefulShutdown - Commencing graceful shutdown. Waiting for active requests to complete
2026-10-03 10:58:26 INFO  [tomcat-shutdown] o.s.boot.tomcat.GracefulShutdown - Graceful shutdown complete
2026-10-03 10:58:26 INFO  [SpringApplicationShutdownHook] o.s.o.j.LocalContainerEntityManagerFactoryBean - Closing JPA EntityManagerFactory for persistence unit 'default'
2026-10-03 10:58:26 INFO  [SpringApplicationShutdownHook] com.zaxxer.hikari.HikariDataSource - HikariPool-1 - Shutdown initiated...
2026-10-03 10:58:26 INFO  [SpringApplicationShutdownHook] com.zaxxer.hikari.HikariDataSource - HikariPool-1 - Shutdown completed.
2026-10-03 10:59:04 INFO  [main] c.o.order_mgmt.OrderMgmtApplication - Starting OrderMgmtApplication v0.0.1-SNAPSHOT using Java 25.0.4.1 with PID 1 (/app/target/order_mgmt-0.0.1-SNAPSHOT.jar started by root in /app)
2026-10-03 10:59:04 INFO  [main] c.o.order_mgmt.OrderMgmtApplication - No active profile set, falling back to 1 default profile: "default"
2026-10-03 10:59:04 INFO  [background-preinit] o.h.validator.internal.util.Version - HV000001: Hibernate Validator 9.1.3.Final
2026-10-03 10:59:04 INFO  [main] o.s.d.r.c.RepositoryConfigurationDelegate - Bootstrapping Spring Data JPA repositories in DEFAULT mode.
2026-10-03 10:59:05 INFO  [main] o.s.d.r.c.RepositoryConfigurationDelegate - Finished Spring Data repository scanning in 16 ms. Found 2 JPA repository interfaces.
2026-10-03 10:59:05 INFO  [main] o.s.boot.tomcat.TomcatWebServer - Tomcat initialized with port 8080 (http)
2026-10-03 10:59:05 INFO  [main] o.a.coyote.http11.Http11NioProtocol - Initializing ProtocolHandler ["http-nio-8080"]
2026-10-03 10:59:05 INFO  [main] o.a.catalina.core.StandardService - Starting service [Tomcat]
2026-10-03 10:59:05 INFO  [main] o.a.catalina.core.StandardEngine - Starting Servlet engine: [Apache Tomcat/11.0.24]
2026-10-03 10:59:05 INFO  [main] o.s.b.w.c.s.WebApplicationContextInitializer - Root WebApplicationContext: initialization completed in 561 ms
2026-10-03 10:59:05 INFO  [main] org.hibernate.orm.jpa - HHH008540: Processing PersistenceUnitInfo [name: default]
2026-10-03 10:59:05 INFO  [main] org.hibernate.orm.core - HHH000001: Hibernate ORM core version 7.4.5.Final
2026-10-03 10:59:05 INFO  [main] o.s.o.j.p.SpringPersistenceUnitInfo - No LoadTimeWeaver setup: ignoring JPA class transformer
2026-10-03 10:59:05 INFO  [main] com.zaxxer.hikari.HikariDataSource - HikariPool-1 - Starting...
2026-10-03 10:59:05 INFO  [main] com.zaxxer.hikari.pool.HikariPool - HikariPool-1 - Added connection org.postgresql.jdbc.PgConnection@ba0018e
2026-10-03 10:59:05 INFO  [main] com.zaxxer.hikari.HikariDataSource - HikariPool-1 - Start completed.
2026-10-03 10:59:05 INFO  [main] o.hibernate.orm.connections.pooling - HHH10001005: Database info:
	Database JDBC URL [jdbc:postgresql://postgres:5432/order_db]
	Database driver: PostgreSQL JDBC Driver
	Database dialect: PostgreSQLDialect
	Database version: 18.6
	Default catalog/schema: order_db/public
	Autocommit mode: undefined/unknown
	Isolation level: READ_COMMITTED [default READ_COMMITTED]
	JDBC fetch size: none
	Pool: DataSourceConnectionProvider
	Minimum pool size: undefined/unknown
	Maximum pool size: undefined/unknown
2026-10-03 10:59:05 INFO  [main] org.hibernate.orm.core - HHH000489: No JTA platform available (set 'hibernate.transaction.jta.platform' to enable JTA platform integration)
2026-10-03 10:59:06 INFO  [main] o.s.o.j.LocalContainerEntityManagerFactoryBean - Initialized JPA EntityManagerFactory for persistence unit 'default'
2026-10-03 10:59:06 INFO  [main] o.s.d.j.r.q.QueryEnhancerFactories - Hibernate is in classpath; If applicable, HQL parser will be used.
2026-10-03 10:59:06 WARN  [main] o.s.b.j.a.JpaBaseConfiguration$JpaWebConfiguration - spring.jpa.open-in-view is enabled by default. Therefore, database queries may be performed during view rendering. Explicitly configure spring.jpa.open-in-view to disable this warning
2026-10-03 10:59:06 INFO  [main] o.s.s.c.a.a.c.InitializeUserDetailsBeanManagerConfigurer$InitializeUserDetailsManagerConfigurer - Global AuthenticationManager configured with UserDetailsService bean with name userServiceImpl
2026-10-03 10:59:06 INFO  [main] o.a.coyote.http11.Http11NioProtocol - Starting ProtocolHandler ["http-nio-8080"]
2026-10-03 10:59:06 INFO  [main] o.s.boot.tomcat.TomcatWebServer - Tomcat started on port 8080 (http) with context path '/'
2026-10-03 10:59:06 INFO  [main] c.o.order_mgmt.OrderMgmtApplication - Started OrderMgmtApplication in 1.923 seconds (process running for 2.17)
2026-10-03 11:00:01 INFO  [http-nio-8080-exec-1] o.a.c.c.C.[Tomcat].[localhost].[/] - Initializing Spring DispatcherServlet 'dispatcherServlet'
2026-10-03 11:00:01 INFO  [http-nio-8080-exec-1] o.s.web.servlet.DispatcherServlet - Initializing Servlet 'dispatcherServlet'
2026-10-03 11:00:01 INFO  [http-nio-8080-exec-1] o.s.web.servlet.DispatcherServlet - Completed initialization in 1 ms
2026-10-03 11:00:15 ERROR [http-nio-8080-exec-4] c.o.o.e.GlobalExceptionHandler - CSRF validation failed: No static resource dashboard for request '/dashboard'.
2026-10-03 11:00:15 ERROR [http-nio-8080-exec-7] c.o.o.e.GlobalExceptionHandler - CSRF validation failed: No static resource favicon.ico for request '/favicon.ico'.
2026-10-03 11:00:24 ERROR [http-nio-8080-exec-2] c.o.o.e.GlobalExceptionHandler - CSRF validation failed: No static resource favicon.ico for request '/favicon.ico'.
2026-10-03 11:04:11 ERROR [http-nio-8080-exec-6] c.o.o.e.GlobalExceptionHandler - CSRF validation failed: No static resource dashboard for request '/dashboard'.
2026-10-03 11:04:11 ERROR [http-nio-8080-exec-8] c.o.o.e.GlobalExceptionHandler - CSRF validation failed: No static resource favicon.ico for request '/favicon.ico'.
2026-10-03 11:04:17 ERROR [http-nio-8080-exec-5] c.o.o.e.GlobalExceptionHandler - CSRF validation failed: No static resource favicon.ico for request '/favicon.ico'.
2026-10-03 11:04:34 ERROR [http-nio-8080-exec-2] c.o.o.e.GlobalExceptionHandler - CSRF validation failed: No static resource favicon.ico for request '/favicon.ico'.
2026-10-03 11:04:35 ERROR [http-nio-8080-exec-6] c.o.o.e.GlobalExceptionHandler - CSRF validation failed: No static resource favicon.ico for request '/favicon.ico'.
2026-10-03 11:18:55 ERROR [http-nio-8080-exec-7] c.o.o.e.GlobalExceptionHandler - CSRF validation failed: No static resource dashboard for request '/dashboard'.
2026-10-03 11:18:57 ERROR [http-nio-8080-exec-8] c.o.o.e.GlobalExceptionHandler - CSRF validation failed: No static resource dashboard for request '/dashboard'.
2026-10-03 11:18:57 ERROR [http-nio-8080-exec-2] c.o.o.e.GlobalExceptionHandler - CSRF validation failed: No static resource favicon.ico for request '/favicon.ico'.
2026-10-03 11:18:58 ERROR [http-nio-8080-exec-3] c.o.o.e.GlobalExceptionHandler - CSRF validation failed: No static resource index.html for request '/index.html'.
2026-10-03 11:18:58 ERROR [http-nio-8080-exec-6] c.o.o.e.GlobalExceptionHandler - CSRF validation failed: No static resource favicon.ico for request '/favicon.ico'.
2026-10-03 11:19:04 ERROR [http-nio-8080-exec-10] c.o.o.e.GlobalExceptionHandler - CSRF validation failed: No static resource favicon.ico for request '/favicon.ico'.
2026-10-03 11:25:33 INFO  [SpringApplicationShutdownHook] o.s.boot.tomcat.GracefulShutdown - Commencing graceful shutdown. Waiting for active requests to complete
2026-10-03 11:25:33 INFO  [tomcat-shutdown] o.s.boot.tomcat.GracefulShutdown - Graceful shutdown complete
2026-10-03 11:25:33 INFO  [SpringApplicationShutdownHook] o.s.o.j.LocalContainerEntityManagerFactoryBean - Closing JPA EntityManagerFactory for persistence unit 'default'
2026-10-03 11:25:33 INFO  [SpringApplicationShutdownHook] com.zaxxer.hikari.HikariDataSource - HikariPool-1 - Shutdown initiated...
2026-10-03 11:25:33 INFO  [SpringApplicationShutdownHook] com.zaxxer.hikari.HikariDataSource - HikariPool-1 - Shutdown completed.
2026-10-03 11:26:15 INFO  [main] c.o.order_mgmt.OrderMgmtApplication - Starting OrderMgmtApplication v0.0.1-SNAPSHOT using Java 25.0.4.1 with PID 1 (/app/target/order_mgmt-0.0.1-SNAPSHOT.jar started by root in /app)
2026-10-03 11:26:15 INFO  [main] c.o.order_mgmt.OrderMgmtApplication - No active profile set, falling back to 1 default profile: "default"
2026-10-03 11:26:15 INFO  [background-preinit] o.h.validator.internal.util.Version - HV000001: Hibernate Validator 9.1.3.Final
2026-10-03 11:26:16 INFO  [main] o.s.d.r.c.RepositoryConfigurationDelegate - Bootstrapping Spring Data JPA repositories in DEFAULT mode.
2026-10-03 11:26:16 INFO  [main] o.s.d.r.c.RepositoryConfigurationDelegate - Finished Spring Data repository scanning in 12 ms. Found 2 JPA repository interfaces.
2026-10-03 11:26:16 INFO  [main] o.s.boot.tomcat.TomcatWebServer - Tomcat initialized with port 8080 (http)
2026-10-03 11:26:16 INFO  [main] o.a.coyote.http11.Http11NioProtocol - Initializing ProtocolHandler ["http-nio-8080"]
2026-10-03 11:26:16 INFO  [main] o.a.catalina.core.StandardService - Starting service [Tomcat]
2026-10-03 11:26:16 INFO  [main] o.a.catalina.core.StandardEngine - Starting Servlet engine: [Apache Tomcat/11.0.24]
2026-10-03 11:26:16 INFO  [main] o.s.b.w.c.s.WebApplicationContextInitializer - Root WebApplicationContext: initialization completed in 577 ms
2026-10-03 11:26:16 INFO  [main] org.hibernate.orm.jpa - HHH008540: Processing PersistenceUnitInfo [name: default]
2026-10-03 11:26:16 INFO  [main] org.hibernate.orm.core - HHH000001: Hibernate ORM core version 7.4.5.Final
2026-10-03 11:26:16 INFO  [main] o.s.o.j.p.SpringPersistenceUnitInfo - No LoadTimeWeaver setup: ignoring JPA class transformer
2026-10-03 11:26:16 INFO  [main] com.zaxxer.hikari.HikariDataSource - HikariPool-1 - Starting...
2026-10-03 11:26:16 INFO  [main] com.zaxxer.hikari.pool.HikariPool - HikariPool-1 - Added connection org.postgresql.jdbc.PgConnection@1f4d38f9
2026-10-03 11:26:16 INFO  [main] com.zaxxer.hikari.HikariDataSource - HikariPool-1 - Start completed.
2026-10-03 11:26:16 INFO  [main] o.hibernate.orm.connections.pooling - HHH10001005: Database info:
	Database JDBC URL [jdbc:postgresql://postgres:5432/order_db]
	Database driver: PostgreSQL JDBC Driver
	Database dialect: PostgreSQLDialect
	Database version: 18.6
	Default catalog/schema: order_db/public
	Autocommit mode: undefined/unknown
	Isolation level: READ_COMMITTED [default READ_COMMITTED]
	JDBC fetch size: none
	Pool: DataSourceConnectionProvider
	Minimum pool size: undefined/unknown
	Maximum pool size: undefined/unknown
2026-10-03 11:26:17 INFO  [main] org.hibernate.orm.core - HHH000489: No JTA platform available (set 'hibernate.transaction.jta.platform' to enable JTA platform integration)
2026-10-03 11:26:17 INFO  [main] o.s.o.j.LocalContainerEntityManagerFactoryBean - Initialized JPA EntityManagerFactory for persistence unit 'default'
2026-10-03 11:26:17 INFO  [main] o.s.d.j.r.q.QueryEnhancerFactories - Hibernate is in classpath; If applicable, HQL parser will be used.
2026-10-03 11:26:17 WARN  [main] o.s.b.j.a.JpaBaseConfiguration$JpaWebConfiguration - spring.jpa.open-in-view is enabled by default. Therefore, database queries may be performed during view rendering. Explicitly configure spring.jpa.open-in-view to disable this warning
2026-10-03 11:26:17 INFO  [main] o.s.s.c.a.a.c.InitializeUserDetailsBeanManagerConfigurer$InitializeUserDetailsManagerConfigurer - Global AuthenticationManager configured with UserDetailsService bean with name userServiceImpl
2026-10-03 11:26:17 INFO  [main] o.a.coyote.http11.Http11NioProtocol - Starting ProtocolHandler ["http-nio-8080"]
2026-10-03 11:26:17 INFO  [main] o.s.boot.tomcat.TomcatWebServer - Tomcat started on port 8080 (http) with context path '/'
2026-10-03 11:26:17 INFO  [main] c.o.order_mgmt.OrderMgmtApplication - Started OrderMgmtApplication in 1.932 seconds (process running for 2.145)
2026-10-03 11:44:25 INFO  [http-nio-8080-exec-2] o.a.c.c.C.[Tomcat].[localhost].[/] - Initializing Spring DispatcherServlet 'dispatcherServlet'
2026-10-03 11:44:25 INFO  [http-nio-8080-exec-2] o.s.web.servlet.DispatcherServlet - Initializing Servlet 'dispatcherServlet'
2026-10-03 11:44:25 INFO  [http-nio-8080-exec-2] o.s.web.servlet.DispatcherServlet - Completed initialization in 2 ms
2026-10-03 11:44:42 ERROR [http-nio-8080-exec-6] c.o.o.e.GlobalExceptionHandler - CSRF validation failed: No static resource favicon.ico for request '/favicon.ico'.
2026-10-03 11:44:51 INFO  [SpringApplicationShutdownHook] o.s.boot.tomcat.GracefulShutdown - Commencing graceful shutdown. Waiting for active requests to complete
2026-10-03 11:44:51 INFO  [tomcat-shutdown] o.s.boot.tomcat.GracefulShutdown - Graceful shutdown complete
2026-10-03 11:44:51 INFO  [SpringApplicationShutdownHook] o.s.o.j.LocalContainerEntityManagerFactoryBean - Closing JPA EntityManagerFactory for persistence unit 'default'
2026-10-03 11:44:51 INFO  [SpringApplicationShutdownHook] com.zaxxer.hikari.HikariDataSource - HikariPool-1 - Shutdown initiated...
2026-10-03 11:44:51 INFO  [SpringApplicationShutdownHook] com.zaxxer.hikari.HikariDataSource - HikariPool-1 - Shutdown completed.
2026-10-03 11:45:31 INFO  [main] c.o.order_mgmt.OrderMgmtApplication - Starting OrderMgmtApplication v0.0.1-SNAPSHOT using Java 25.0.4.1 with PID 1 (/app/target/order_mgmt-0.0.1-SNAPSHOT.jar started by root in /app)
2026-10-03 11:45:31 INFO  [main] c.o.order_mgmt.OrderMgmtApplication - No active profile set, falling back to 1 default profile: "default"
2026-10-03 11:45:31 INFO  [background-preinit] o.h.validator.internal.util.Version - HV000001: Hibernate Validator 9.1.3.Final
2026-10-03 11:45:32 INFO  [main] o.s.d.r.c.RepositoryConfigurationDelegate - Bootstrapping Spring Data JPA repositories in DEFAULT mode.
2026-10-03 11:45:32 INFO  [main] o.s.d.r.c.RepositoryConfigurationDelegate - Finished Spring Data repository scanning in 20 ms. Found 2 JPA repository interfaces.
2026-10-03 11:45:32 INFO  [main] o.s.boot.tomcat.TomcatWebServer - Tomcat initialized with port 8080 (http)
2026-10-03 11:45:32 INFO  [main] o.a.coyote.http11.Http11NioProtocol - Initializing ProtocolHandler ["http-nio-8080"]
2026-10-03 11:45:32 INFO  [main] o.a.catalina.core.StandardService - Starting service [Tomcat]
2026-10-03 11:45:32 INFO  [main] o.a.catalina.core.StandardEngine - Starting Servlet engine: [Apache Tomcat/11.0.24]
2026-10-03 11:45:32 INFO  [main] o.s.b.w.c.s.WebApplicationContextInitializer - Root WebApplicationContext: initialization completed in 576 ms
2026-10-03 11:45:32 INFO  [main] org.hibernate.orm.jpa - HHH008540: Processing PersistenceUnitInfo [name: default]
2026-10-03 11:45:32 INFO  [main] org.hibernate.orm.core - HHH000001: Hibernate ORM core version 7.4.5.Final
2026-10-03 11:45:32 INFO  [main] o.s.o.j.p.SpringPersistenceUnitInfo - No LoadTimeWeaver setup: ignoring JPA class transformer
2026-10-03 11:45:32 INFO  [main] com.zaxxer.hikari.HikariDataSource - HikariPool-1 - Starting...
2026-10-03 11:45:32 INFO  [main] com.zaxxer.hikari.pool.HikariPool - HikariPool-1 - Added connection org.postgresql.jdbc.PgConnection@ba0018e
2026-10-03 11:45:32 INFO  [main] com.zaxxer.hikari.HikariDataSource - HikariPool-1 - Start completed.
2026-10-03 11:45:32 INFO  [main] o.hibernate.orm.connections.pooling - HHH10001005: Database info:
	Database JDBC URL [jdbc:postgresql://postgres:5432/order_db]
	Database driver: PostgreSQL JDBC Driver
	Database dialect: PostgreSQLDialect
	Database version: 18.6
	Default catalog/schema: order_db/public
	Autocommit mode: undefined/unknown
	Isolation level: READ_COMMITTED [default READ_COMMITTED]
	JDBC fetch size: none
	Pool: DataSourceConnectionProvider
	Minimum pool size: undefined/unknown
	Maximum pool size: undefined/unknown
2026-10-03 11:45:33 INFO  [main] org.hibernate.orm.core - HHH000489: No JTA platform available (set 'hibernate.transaction.jta.platform' to enable JTA platform integration)
2026-10-03 11:45:33 INFO  [main] o.s.o.j.LocalContainerEntityManagerFactoryBean - Initialized JPA EntityManagerFactory for persistence unit 'default'
2026-10-03 11:45:33 INFO  [main] o.s.d.j.r.q.QueryEnhancerFactories - Hibernate is in classpath; If applicable, HQL parser will be used.
2026-10-03 11:45:33 WARN  [main] o.s.b.j.a.JpaBaseConfiguration$JpaWebConfiguration - spring.jpa.open-in-view is enabled by default. Therefore, database queries may be performed during view rendering. Explicitly configure spring.jpa.open-in-view to disable this warning
2026-10-03 11:45:33 INFO  [main] o.s.s.c.a.a.c.InitializeUserDetailsBeanManagerConfigurer$InitializeUserDetailsManagerConfigurer - Global AuthenticationManager configured with UserDetailsService bean with name userServiceImpl
2026-10-03 11:45:33 INFO  [main] o.a.coyote.http11.Http11NioProtocol - Starting ProtocolHandler ["http-nio-8080"]
2026-10-03 11:45:33 INFO  [main] o.s.boot.tomcat.TomcatWebServer - Tomcat started on port 8080 (http) with context path '/'
2026-10-03 11:45:33 INFO  [main] c.o.order_mgmt.OrderMgmtApplication - Started OrderMgmtApplication in 1.978 seconds (process running for 2.202)
2026-10-03 11:45:42 INFO  [http-nio-8080-exec-1] o.a.c.c.C.[Tomcat].[localhost].[/] - Initializing Spring DispatcherServlet 'dispatcherServlet'
2026-10-03 11:45:42 INFO  [http-nio-8080-exec-1] o.s.web.servlet.DispatcherServlet - Initializing Servlet 'dispatcherServlet'
2026-10-03 11:45:42 INFO  [http-nio-8080-exec-1] o.s.web.servlet.DispatcherServlet - Completed initialization in 1 ms
2026-10-03 11:45:53 ERROR [http-nio-8080-exec-1] c.o.o.e.GlobalExceptionHandler - CSRF validation failed: No static resource favicon.ico for request '/favicon.ico'.
2026-10-03 11:46:35 ERROR [http-nio-8080-exec-7] c.o.o.e.GlobalExceptionHandler - CSRF validation failed: No static resource favicon.ico for request '/favicon.ico'.
2026-10-03 16:07:55 INFO  [SpringApplicationShutdownHook] o.s.boot.tomcat.GracefulShutdown - Commencing graceful shutdown. Waiting for active requests to complete
2026-10-03 16:07:55 INFO  [tomcat-shutdown] o.s.boot.tomcat.GracefulShutdown - Graceful shutdown complete
2026-10-03 16:07:55 INFO  [SpringApplicationShutdownHook] o.s.o.j.LocalContainerEntityManagerFactoryBean - Closing JPA EntityManagerFactory for persistence unit 'default'
2026-10-03 16:07:55 INFO  [SpringApplicationShutdownHook] com.zaxxer.hikari.HikariDataSource - HikariPool-1 - Shutdown initiated...
2026-10-03 16:07:55 INFO  [SpringApplicationShutdownHook] com.zaxxer.hikari.HikariDataSource - HikariPool-1 - Shutdown completed.
2026-10-03 16:08:34 INFO  [main] c.o.order_mgmt.OrderMgmtApplication - Starting OrderMgmtApplication v0.0.1-SNAPSHOT using Java 25.0.4.1 with PID 1 (/app/target/order_mgmt-0.0.1-SNAPSHOT.jar started by root in /app)
2026-10-03 16:08:34 INFO  [main] c.o.order_mgmt.OrderMgmtApplication - No active profile set, falling back to 1 default profile: "default"
2026-10-03 16:08:34 INFO  [background-preinit] o.h.validator.internal.util.Version - HV000001: Hibernate Validator 9.1.3.Final
2026-10-03 16:08:35 INFO  [main] o.s.d.r.c.RepositoryConfigurationDelegate - Bootstrapping Spring Data JPA repositories in DEFAULT mode.
2026-10-03 16:08:35 INFO  [main] o.s.d.r.c.RepositoryConfigurationDelegate - Finished Spring Data repository scanning in 14 ms. Found 2 JPA repository interfaces.
2026-10-03 16:08:35 INFO  [main] o.s.boot.tomcat.TomcatWebServer - Tomcat initialized with port 8080 (http)
2026-10-03 16:08:35 INFO  [main] o.a.coyote.http11.Http11NioProtocol - Initializing ProtocolHandler ["http-nio-8080"]
2026-10-03 16:08:35 INFO  [main] o.a.catalina.core.StandardService - Starting service [Tomcat]
2026-10-03 16:08:35 INFO  [main] o.a.catalina.core.StandardEngine - Starting Servlet engine: [Apache Tomcat/11.0.24]
2026-10-03 16:08:35 INFO  [main] o.s.b.w.c.s.WebApplicationContextInitializer - Root WebApplicationContext: initialization completed in 618 ms
2026-10-03 16:08:35 INFO  [main] org.hibernate.orm.jpa - HHH008540: Processing PersistenceUnitInfo [name: default]
2026-10-03 16:08:35 INFO  [main] org.hibernate.orm.core - HHH000001: Hibernate ORM core version 7.4.5.Final
2026-10-03 16:08:35 INFO  [main] o.s.o.j.p.SpringPersistenceUnitInfo - No LoadTimeWeaver setup: ignoring JPA class transformer
2026-10-03 16:08:35 INFO  [main] com.zaxxer.hikari.HikariDataSource - HikariPool-1 - Starting...
2026-10-03 16:08:35 INFO  [main] com.zaxxer.hikari.pool.HikariPool - HikariPool-1 - Added connection org.postgresql.jdbc.PgConnection@77d95e5a
2026-10-03 16:08:35 INFO  [main] com.zaxxer.hikari.HikariDataSource - HikariPool-1 - Start completed.
2026-10-03 16:08:35 INFO  [main] o.hibernate.orm.connections.pooling - HHH10001005: Database info:
	Database JDBC URL [jdbc:postgresql://postgres:5432/order_db]
	Database driver: PostgreSQL JDBC Driver
	Database dialect: PostgreSQLDialect
	Database version: 18.6
	Default catalog/schema: order_db/public
	Autocommit mode: undefined/unknown
	Isolation level: READ_COMMITTED [default READ_COMMITTED]
	JDBC fetch size: none
	Pool: DataSourceConnectionProvider
	Minimum pool size: undefined/unknown
	Maximum pool size: undefined/unknown
2026-10-03 16:08:36 INFO  [main] org.hibernate.orm.core - HHH000489: No JTA platform available (set 'hibernate.transaction.jta.platform' to enable JTA platform integration)
2026-10-03 16:08:36 INFO  [main] o.s.o.j.LocalContainerEntityManagerFactoryBean - Initialized JPA EntityManagerFactory for persistence unit 'default'
2026-10-03 16:08:36 INFO  [main] o.s.d.j.r.q.QueryEnhancerFactories - Hibernate is in classpath; If applicable, HQL parser will be used.
2026-10-03 16:08:36 WARN  [main] o.s.b.j.a.JpaBaseConfiguration$JpaWebConfiguration - spring.jpa.open-in-view is enabled by default. Therefore, database queries may be performed during view rendering. Explicitly configure spring.jpa.open-in-view to disable this warning
2026-10-03 16:08:36 INFO  [main] o.s.s.c.a.a.c.InitializeUserDetailsBeanManagerConfigurer$InitializeUserDetailsManagerConfigurer - Global AuthenticationManager configured with UserDetailsService bean with name userServiceImpl
2026-10-03 16:08:36 INFO  [main] o.a.coyote.http11.Http11NioProtocol - Starting ProtocolHandler ["http-nio-8080"]
2026-10-03 16:08:36 INFO  [main] o.s.boot.tomcat.TomcatWebServer - Tomcat started on port 8080 (http) with context path '/'
2026-10-03 16:08:36 INFO  [main] c.o.order_mgmt.OrderMgmtApplication - Started OrderMgmtApplication in 1.933 seconds (process running for 2.121)
2026-10-03 16:09:34 INFO  [http-nio-8080-exec-2] o.a.c.c.C.[Tomcat].[localhost].[/] - Initializing Spring DispatcherServlet 'dispatcherServlet'
2026-10-03 16:09:34 INFO  [http-nio-8080-exec-2] o.s.web.servlet.DispatcherServlet - Initializing Servlet 'dispatcherServlet'
2026-10-03 16:09:34 INFO  [http-nio-8080-exec-2] o.s.web.servlet.DispatcherServlet - Completed initialization in 1 ms
2026-10-03 16:09:46 ERROR [http-nio-8080-exec-2] c.o.o.e.GlobalExceptionHandler - CSRF validation failed: No static resource favicon.ico for request '/favicon.ico'.
2026-10-03 16:09:57 ERROR [http-nio-8080-exec-7] c.o.o.e.GlobalExceptionHandler - CSRF validation failed: No static resource favicon.ico for request '/favicon.ico'.
2026-10-03 16:10:02 ERROR [http-nio-8080-exec-1] c.o.o.e.GlobalExceptionHandler - CSRF validation failed: No static resource favicon.ico for request '/favicon.ico'.
2026-10-03 16:10:04 ERROR [http-nio-8080-exec-7] c.o.o.e.GlobalExceptionHandler - CSRF validation failed: No static resource  for request '/'.
2026-10-03 16:10:04 ERROR [http-nio-8080-exec-9] c.o.o.e.GlobalExceptionHandler - CSRF validation failed: No static resource favicon.ico for request '/favicon.ico'.
2026-10-03 16:10:06 ERROR [http-nio-8080-exec-5] c.o.o.e.GlobalExceptionHandler - CSRF validation failed: No static resource index.html for request '/index.html'.
2026-10-03 16:10:06 ERROR [http-nio-8080-exec-8] c.o.o.e.GlobalExceptionHandler - CSRF validation failed: No static resource favicon.ico for request '/favicon.ico'.
2026-10-03 16:10:07 ERROR [http-nio-8080-exec-6] c.o.o.e.GlobalExceptionHandler - CSRF validation failed: No static resource index.html for request '/index.html'.
2026-10-03 16:10:07 ERROR [http-nio-8080-exec-2] c.o.o.e.GlobalExceptionHandler - CSRF validation failed: No static resource favicon.ico for request '/favicon.ico'.
2026-10-03 16:10:07 ERROR [http-nio-8080-exec-10] c.o.o.e.GlobalExceptionHandler - CSRF validation failed: No static resource index.html for request '/index.html'.
2026-10-03 16:10:07 ERROR [http-nio-8080-exec-3] c.o.o.e.GlobalExceptionHandler - CSRF validation failed: No static resource favicon.ico for request '/favicon.ico'.
2026-10-03 16:10:13 ERROR [http-nio-8080-exec-4] c.o.o.e.GlobalExceptionHandler - CSRF validation failed: No static resource  for request '/'.
2026-10-03 16:10:13 ERROR [http-nio-8080-exec-1] c.o.o.e.GlobalExceptionHandler - CSRF validation failed: No static resource favicon.ico for request '/favicon.ico'.
2026-10-03 16:10:18 ERROR [http-nio-8080-exec-7] c.o.o.e.GlobalExceptionHandler - CSRF validation failed: No static resource  for request '/'.
2026-10-03 16:10:18 ERROR [http-nio-8080-exec-5] c.o.o.e.GlobalExceptionHandler - CSRF validation failed: No static resource favicon.ico for request '/favicon.ico'.
2026-10-03 16:10:20 ERROR [http-nio-8080-exec-9] c.o.o.e.GlobalExceptionHandler - CSRF validation failed: No static resource index.html for request '/index.html'.
2026-10-03 16:10:20 ERROR [http-nio-8080-exec-6] c.o.o.e.GlobalExceptionHandler - CSRF validation failed: No static resource favicon.ico for request '/favicon.ico'.
2026-10-03 16:10:21 ERROR [http-nio-8080-exec-8] c.o.o.e.GlobalExceptionHandler - CSRF validation failed: No static resource  for request '/'.
2026-10-03 16:10:21 ERROR [http-nio-8080-exec-10] c.o.o.e.GlobalExceptionHandler - CSRF validation failed: No static resource favicon.ico for request '/favicon.ico'.
2026-10-03 16:10:23 ERROR [http-nio-8080-exec-3] c.o.o.e.GlobalExceptionHandler - CSRF validation failed: No static resource favicon.ico for request '/favicon.ico'.
2026-10-03 16:10:24 ERROR [http-nio-8080-exec-7] c.o.o.e.GlobalExceptionHandler - CSRF validation failed: No static resource favicon.ico for request '/favicon.ico'.
2026-10-03 16:10:26 ERROR [http-nio-8080-exec-9] c.o.o.e.GlobalExceptionHandler - CSRF validation failed: No static resource favicon.ico for request '/favicon.ico'.
2026-10-03 16:10:28 ERROR [http-nio-8080-exec-6] c.o.o.e.GlobalExceptionHandler - CSRF validation failed: No static resource favicon.ico for request '/favicon.ico'.
2026-10-03 16:15:54 ERROR [http-nio-8080-exec-5] c.o.o.e.GlobalExceptionHandler - CSRF validation failed: No static resource favicon.ico for request '/favicon.ico'.
2026-10-03 16:16:44 INFO  [SpringApplicationShutdownHook] o.s.boot.tomcat.GracefulShutdown - Commencing graceful shutdown. Waiting for active requests to complete
2026-10-03 16:16:44 INFO  [tomcat-shutdown] o.s.boot.tomcat.GracefulShutdown - Graceful shutdown complete
2026-10-03 16:16:44 INFO  [SpringApplicationShutdownHook] o.s.o.j.LocalContainerEntityManagerFactoryBean - Closing JPA EntityManagerFactory for persistence unit 'default'
2026-10-03 16:16:44 INFO  [SpringApplicationShutdownHook] com.zaxxer.hikari.HikariDataSource - HikariPool-1 - Shutdown initiated...
2026-10-03 16:16:44 INFO  [SpringApplicationShutdownHook] com.zaxxer.hikari.HikariDataSource - HikariPool-1 - Shutdown completed.
2026-10-03 16:17:20 INFO  [main] c.o.order_mgmt.OrderMgmtApplication - Starting OrderMgmtApplication v0.0.1-SNAPSHOT using Java 25.0.4.1 with PID 1 (/app/target/order_mgmt-0.0.1-SNAPSHOT.jar started by root in /app)
2026-10-03 16:17:20 INFO  [main] c.o.order_mgmt.OrderMgmtApplication - No active profile set, falling back to 1 default profile: "default"
2026-10-03 16:17:20 INFO  [background-preinit] o.h.validator.internal.util.Version - HV000001: Hibernate Validator 9.1.3.Final
2026-10-03 16:17:20 INFO  [main] o.s.d.r.c.RepositoryConfigurationDelegate - Bootstrapping Spring Data JPA repositories in DEFAULT mode.
2026-10-03 16:17:20 INFO  [main] o.s.d.r.c.RepositoryConfigurationDelegate - Finished Spring Data repository scanning in 13 ms. Found 2 JPA repository interfaces.
2026-10-03 16:17:21 INFO  [main] o.s.boot.tomcat.TomcatWebServer - Tomcat initialized with port 8080 (http)
2026-10-03 16:17:21 INFO  [main] o.a.coyote.http11.Http11NioProtocol - Initializing ProtocolHandler ["http-nio-8080"]
2026-10-03 16:17:21 INFO  [main] o.a.catalina.core.StandardService - Starting service [Tomcat]
2026-10-03 16:17:21 INFO  [main] o.a.catalina.core.StandardEngine - Starting Servlet engine: [Apache Tomcat/11.0.24]
2026-10-03 16:17:21 INFO  [main] o.s.b.w.c.s.WebApplicationContextInitializer - Root WebApplicationContext: initialization completed in 577 ms
2026-10-03 16:17:21 INFO  [main] org.hibernate.orm.jpa - HHH008540: Processing PersistenceUnitInfo [name: default]
2026-10-03 16:17:21 INFO  [main] org.hibernate.orm.core - HHH000001: Hibernate ORM core version 7.4.5.Final
2026-10-03 16:17:21 INFO  [main] o.s.o.j.p.SpringPersistenceUnitInfo - No LoadTimeWeaver setup: ignoring JPA class transformer
2026-10-03 16:17:21 INFO  [main] com.zaxxer.hikari.HikariDataSource - HikariPool-1 - Starting...
2026-10-03 16:17:21 INFO  [main] com.zaxxer.hikari.pool.HikariPool - HikariPool-1 - Added connection org.postgresql.jdbc.PgConnection@7037a680
2026-10-03 16:17:21 INFO  [main] com.zaxxer.hikari.HikariDataSource - HikariPool-1 - Start completed.
2026-10-03 16:17:21 INFO  [main] o.hibernate.orm.connections.pooling - HHH10001005: Database info:
	Database JDBC URL [jdbc:postgresql://postgres:5432/order_db]
	Database driver: PostgreSQL JDBC Driver
	Database dialect: PostgreSQLDialect
	Database version: 18.6
	Default catalog/schema: order_db/public
	Autocommit mode: undefined/unknown
	Isolation level: READ_COMMITTED [default READ_COMMITTED]
	JDBC fetch size: none
	Pool: DataSourceConnectionProvider
	Minimum pool size: undefined/unknown
	Maximum pool size: undefined/unknown
2026-10-03 16:17:22 INFO  [main] org.hibernate.orm.core - HHH000489: No JTA platform available (set 'hibernate.transaction.jta.platform' to enable JTA platform integration)
2026-10-03 16:17:22 INFO  [main] o.s.o.j.LocalContainerEntityManagerFactoryBean - Initialized JPA EntityManagerFactory for persistence unit 'default'
2026-10-03 16:17:22 INFO  [main] o.s.d.j.r.q.QueryEnhancerFactories - Hibernate is in classpath; If applicable, HQL parser will be used.
2026-10-03 16:17:22 WARN  [main] o.s.b.j.a.JpaBaseConfiguration$JpaWebConfiguration - spring.jpa.open-in-view is enabled by default. Therefore, database queries may be performed during view rendering. Explicitly configure spring.jpa.open-in-view to disable this warning
2026-10-03 16:17:22 INFO  [main] o.s.s.c.a.a.c.InitializeUserDetailsBeanManagerConfigurer$InitializeUserDetailsManagerConfigurer - Global AuthenticationManager configured with UserDetailsService bean with name userServiceImpl
2026-10-03 16:17:22 INFO  [main] o.a.coyote.http11.Http11NioProtocol - Starting ProtocolHandler ["http-nio-8080"]
2026-10-03 16:17:22 INFO  [main] o.s.boot.tomcat.TomcatWebServer - Tomcat started on port 8080 (http) with context path '/'
2026-10-03 16:17:22 INFO  [main] c.o.order_mgmt.OrderMgmtApplication - Started OrderMgmtApplication in 2.088 seconds (process running for 2.288)
2026-10-03 16:17:43 INFO  [http-nio-8080-exec-1] o.a.c.c.C.[Tomcat].[localhost].[/] - Initializing Spring DispatcherServlet 'dispatcherServlet'
2026-10-03 16:17:43 INFO  [http-nio-8080-exec-1] o.s.web.servlet.DispatcherServlet - Initializing Servlet 'dispatcherServlet'
2026-10-03 16:17:43 INFO  [http-nio-8080-exec-1] o.s.web.servlet.DispatcherServlet - Completed initialization in 2 ms
2026-10-03 16:17:55 ERROR [http-nio-8080-exec-2] c.o.o.e.GlobalExceptionHandler - CSRF validation failed: No static resource favicon.ico for request '/favicon.ico'.
2026-10-03 16:20:12 INFO  [SpringApplicationShutdownHook] o.s.boot.tomcat.GracefulShutdown - Commencing graceful shutdown. Waiting for active requests to complete
2026-10-03 16:20:12 INFO  [tomcat-shutdown] o.s.boot.tomcat.GracefulShutdown - Graceful shutdown complete
2026-10-03 16:20:12 INFO  [SpringApplicationShutdownHook] o.s.o.j.LocalContainerEntityManagerFactoryBean - Closing JPA EntityManagerFactory for persistence unit 'default'
2026-10-03 16:20:12 INFO  [SpringApplicationShutdownHook] com.zaxxer.hikari.HikariDataSource - HikariPool-1 - Shutdown initiated...
2026-10-03 16:20:12 INFO  [SpringApplicationShutdownHook] com.zaxxer.hikari.HikariDataSource - HikariPool-1 - Shutdown completed.
2026-10-03 16:20:49 INFO  [main] c.o.order_mgmt.OrderMgmtApplication - Starting OrderMgmtApplication v0.0.1-SNAPSHOT using Java 25.0.4.1 with PID 1 (/app/target/order_mgmt-0.0.1-SNAPSHOT.jar started by root in /app)
2026-10-03 16:20:49 INFO  [main] c.o.order_mgmt.OrderMgmtApplication - No active profile set, falling back to 1 default profile: "default"
2026-10-03 16:20:49 INFO  [background-preinit] o.h.validator.internal.util.Version - HV000001: Hibernate Validator 9.1.3.Final
2026-10-03 16:20:49 INFO  [main] o.s.d.r.c.RepositoryConfigurationDelegate - Bootstrapping Spring Data JPA repositories in DEFAULT mode.
2026-10-03 16:20:49 INFO  [main] o.s.d.r.c.RepositoryConfigurationDelegate - Finished Spring Data repository scanning in 16 ms. Found 2 JPA repository interfaces.
2026-10-03 16:20:49 INFO  [main] o.s.boot.tomcat.TomcatWebServer - Tomcat initialized with port 8080 (http)
2026-10-03 16:20:49 INFO  [main] o.a.coyote.http11.Http11NioProtocol - Initializing ProtocolHandler ["http-nio-8080"]
2026-10-03 16:20:49 INFO  [main] o.a.catalina.core.StandardService - Starting service [Tomcat]
2026-10-03 16:20:49 INFO  [main] o.a.catalina.core.StandardEngine - Starting Servlet engine: [Apache Tomcat/11.0.24]
2026-10-03 16:20:49 INFO  [main] o.s.b.w.c.s.WebApplicationContextInitializer - Root WebApplicationContext: initialization completed in 636 ms
2026-10-03 16:20:49 INFO  [main] org.hibernate.orm.jpa - HHH008540: Processing PersistenceUnitInfo [name: default]
2026-10-03 16:20:49 INFO  [main] org.hibernate.orm.core - HHH000001: Hibernate ORM core version 7.4.5.Final
2026-10-03 16:20:50 INFO  [main] o.s.o.j.p.SpringPersistenceUnitInfo - No LoadTimeWeaver setup: ignoring JPA class transformer
2026-10-03 16:20:50 INFO  [main] com.zaxxer.hikari.HikariDataSource - HikariPool-1 - Starting...
2026-10-03 16:20:50 INFO  [main] com.zaxxer.hikari.pool.HikariPool - HikariPool-1 - Added connection org.postgresql.jdbc.PgConnection@47ffdbba
2026-10-03 16:20:50 INFO  [main] com.zaxxer.hikari.HikariDataSource - HikariPool-1 - Start completed.
2026-10-03 16:20:50 INFO  [main] o.hibernate.orm.connections.pooling - HHH10001005: Database info:
	Database JDBC URL [jdbc:postgresql://postgres:5432/order_db]
	Database driver: PostgreSQL JDBC Driver
	Database dialect: PostgreSQLDialect
	Database version: 18.6
	Default catalog/schema: order_db/public
	Autocommit mode: undefined/unknown
	Isolation level: READ_COMMITTED [default READ_COMMITTED]
	JDBC fetch size: none
	Pool: DataSourceConnectionProvider
	Minimum pool size: undefined/unknown
	Maximum pool size: undefined/unknown
2026-10-03 16:20:50 INFO  [main] org.hibernate.orm.core - HHH000489: No JTA platform available (set 'hibernate.transaction.jta.platform' to enable JTA platform integration)
2026-10-03 16:20:50 INFO  [main] o.s.o.j.LocalContainerEntityManagerFactoryBean - Initialized JPA EntityManagerFactory for persistence unit 'default'
2026-10-03 16:20:50 INFO  [main] o.s.d.j.r.q.QueryEnhancerFactories - Hibernate is in classpath; If applicable, HQL parser will be used.
2026-10-03 16:20:50 WARN  [main] o.s.b.j.a.JpaBaseConfiguration$JpaWebConfiguration - spring.jpa.open-in-view is enabled by default. Therefore, database queries may be performed during view rendering. Explicitly configure spring.jpa.open-in-view to disable this warning
2026-10-03 16:20:50 INFO  [main] o.s.s.c.a.a.c.InitializeUserDetailsBeanManagerConfigurer$InitializeUserDetailsManagerConfigurer - Global AuthenticationManager configured with UserDetailsService bean with name userServiceImpl
2026-10-03 16:20:50 INFO  [main] o.a.coyote.http11.Http11NioProtocol - Starting ProtocolHandler ["http-nio-8080"]
2026-10-03 16:20:50 INFO  [main] o.s.boot.tomcat.TomcatWebServer - Tomcat started on port 8080 (http) with context path '/'
2026-10-03 16:20:50 INFO  [main] c.o.order_mgmt.OrderMgmtApplication - Started OrderMgmtApplication in 1.953 seconds (process running for 2.153)
2026-10-03 16:21:02 INFO  [http-nio-8080-exec-1] o.a.c.c.C.[Tomcat].[localhost].[/] - Initializing Spring DispatcherServlet 'dispatcherServlet'
2026-10-03 16:21:02 INFO  [http-nio-8080-exec-1] o.s.web.servlet.DispatcherServlet - Initializing Servlet 'dispatcherServlet'
2026-10-03 16:21:02 INFO  [http-nio-8080-exec-1] o.s.web.servlet.DispatcherServlet - Completed initialization in 1 ms
2026-10-03 16:21:17 ERROR [http-nio-8080-exec-7] c.o.o.e.GlobalExceptionHandler - CSRF validation failed: No static resource favicon.ico for request '/favicon.ico'.
2026-10-03 16:21:19 ERROR [http-nio-8080-exec-1] c.o.o.e.GlobalExceptionHandler - CSRF validation failed: No static resource favicon.ico for request '/favicon.ico'.
2026-10-03 16:21:21 ERROR [http-nio-8080-exec-1] c.o.o.e.GlobalExceptionHandler - CSRF validation failed: No static resource favicon.ico for request '/favicon.ico'.
2026-10-03 16:21:24 ERROR [http-nio-8080-exec-3] c.o.o.e.GlobalExceptionHandler - CSRF validation failed: No static resource favicon.ico for request '/favicon.ico'.
2026-10-03 16:21:25 ERROR [http-nio-8080-exec-9] c.o.o.e.GlobalExceptionHandler - CSRF validation failed: No static resource favicon.ico for request '/favicon.ico'.
2026-10-03 16:21:25 ERROR [http-nio-8080-exec-3] c.o.o.e.GlobalExceptionHandler - CSRF validation failed: No static resource favicon.ico for request '/favicon.ico'.
2026-10-03 16:21:26 ERROR [http-nio-8080-exec-3] c.o.o.e.GlobalExceptionHandler - CSRF validation failed: No static resource favicon.ico for request '/favicon.ico'.
2026-10-03 16:21:26 ERROR [http-nio-8080-exec-3] c.o.o.e.GlobalExceptionHandler - CSRF validation failed: No static resource favicon.ico for request '/favicon.ico'.
2026-10-03 16:21:26 ERROR [http-nio-8080-exec-1] c.o.o.e.GlobalExceptionHandler - CSRF validation failed: No static resource favicon.ico for request '/favicon.ico'.
2026-10-03 16:21:26 ERROR [http-nio-8080-exec-4] c.o.o.e.GlobalExceptionHandler - CSRF validation failed: No static resource favicon.ico for request '/favicon.ico'.
2026-10-03 16:21:29 ERROR [http-nio-8080-exec-10] c.o.o.e.GlobalExceptionHandler - CSRF validation failed: No static resource favicon.ico for request '/favicon.ico'.
