2026-09-22 05:18:42 INFO  [main] c.o.order_mgmt.OrderMgmtApplication - Starting OrderMgmtApplication v0.0.1-SNAPSHOT using Java 25.0.4 with PID 1 (/app/target/order_mgmt-0.0.1-SNAPSHOT.jar started by root in /app)
2026-09-22 05:18:42 INFO  [main] c.o.order_mgmt.OrderMgmtApplication - No active profile set, falling back to 1 default profile: "default"
2026-09-22 05:18:42 INFO  [background-preinit] o.h.validator.internal.util.Version - HV000001: Hibernate Validator 9.1.3.Final
2026-09-22 05:18:44 INFO  [main] o.s.d.r.c.RepositoryConfigurationDelegate - Bootstrapping Spring Data JPA repositories in DEFAULT mode.
2026-09-22 05:18:44 INFO  [main] o.s.d.r.c.RepositoryConfigurationDelegate - Finished Spring Data repository scanning in 127 ms. Found 2 JPA repository interfaces.
2026-09-22 05:18:46 INFO  [main] o.s.boot.tomcat.TomcatWebServer - Tomcat initialized with port 8080 (http)
2026-09-22 05:18:46 INFO  [main] o.a.coyote.http11.Http11NioProtocol - Initializing ProtocolHandler ["http-nio-8080"]
2026-09-22 05:18:46 INFO  [main] o.a.catalina.core.StandardService - Starting service [Tomcat]
2026-09-22 05:18:46 INFO  [main] o.a.catalina.core.StandardEngine - Starting Servlet engine: [Apache Tomcat/11.0.24]
2026-09-22 05:18:46 INFO  [main] o.s.b.w.c.s.WebApplicationContextInitializer - Root WebApplicationContext: initialization completed in 3943 ms
2026-09-22 05:18:47 INFO  [main] org.hibernate.orm.jpa - HHH008540: Processing PersistenceUnitInfo [name: default]
2026-09-22 05:18:47 INFO  [main] org.hibernate.orm.core - HHH000001: Hibernate ORM core version 7.4.5.Final
2026-09-22 05:18:48 INFO  [main] o.s.o.j.p.SpringPersistenceUnitInfo - No LoadTimeWeaver setup: ignoring JPA class transformer
2026-09-22 05:18:48 INFO  [main] com.zaxxer.hikari.HikariDataSource - HikariPool-1 - Starting...
2026-09-22 05:18:49 INFO  [main] com.zaxxer.hikari.pool.HikariPool - HikariPool-1 - Added connection org.postgresql.jdbc.PgConnection@2d593b56
2026-09-22 05:18:49 INFO  [main] com.zaxxer.hikari.HikariDataSource - HikariPool-1 - Start completed.
2026-09-22 05:18:50 INFO  [main] o.hibernate.orm.connections.pooling - HHH10001005: Database info:
	Database JDBC URL [jdbc:postgresql://postgres:5432/order_db]
	Database driver: PostgreSQL JDBC Driver
	Database dialect: PostgreSQLDialect
	Database version: 18.6
	Default catalog/schema: order_db/public
	Autocommit mode: undefined/unknown
	Isolation level: READ_COMMITTED [default READ_COMMITTED]
	JDBC fetch size: none
	Pool: DataSourceConnectionProvider
	Minimum pool size: undefined/unknown
	Maximum pool size: undefined/unknown
2026-09-22 05:18:53 INFO  [main] org.hibernate.orm.core - HHH000489: No JTA platform available (set 'hibernate.transaction.jta.platform' to enable JTA platform integration)
2026-09-22 05:18:53 INFO  [main] o.s.o.j.LocalContainerEntityManagerFactoryBean - Initialized JPA EntityManagerFactory for persistence unit 'default'
2026-09-22 05:18:54 INFO  [main] o.s.d.j.r.q.QueryEnhancerFactories - Hibernate is in classpath; If applicable, HQL parser will be used.
2026-09-22 05:18:54 WARN  [main] o.s.b.j.a.JpaBaseConfiguration$JpaWebConfiguration - spring.jpa.open-in-view is enabled by default. Therefore, database queries may be performed during view rendering. Explicitly configure spring.jpa.open-in-view to disable this warning
2026-09-22 05:18:54 INFO  [main] o.s.s.c.a.a.c.InitializeUserDetailsBeanManagerConfigurer$InitializeUserDetailsManagerConfigurer - Global AuthenticationManager configured with UserDetailsService bean with name userServiceImpl
2026-09-22 05:18:55 INFO  [main] o.a.coyote.http11.Http11NioProtocol - Starting ProtocolHandler ["http-nio-8080"]
2026-09-22 05:18:55 INFO  [main] o.s.boot.tomcat.TomcatWebServer - Tomcat started on port 8080 (http) with context path '/'
2026-09-22 05:18:55 INFO  [main] c.o.order_mgmt.OrderMgmtApplication - Started OrderMgmtApplication in 15.551 seconds (process running for 17.092)
2026-09-22 05:20:17 INFO  [http-nio-8080-exec-1] o.a.c.c.C.[Tomcat].[localhost].[/] - Initializing Spring DispatcherServlet 'dispatcherServlet'
2026-09-22 05:20:17 INFO  [http-nio-8080-exec-1] o.s.web.servlet.DispatcherServlet - Initializing Servlet 'dispatcherServlet'
2026-09-22 05:20:17 INFO  [http-nio-8080-exec-1] o.s.web.servlet.DispatcherServlet - Completed initialization in 2 ms
2026-09-22 05:32:22 INFO  [SpringApplicationShutdownHook] o.s.boot.tomcat.GracefulShutdown - Commencing graceful shutdown. Waiting for active requests to complete
2026-09-22 05:32:22 INFO  [tomcat-shutdown] o.s.boot.tomcat.GracefulShutdown - Graceful shutdown complete
2026-09-22 05:32:22 INFO  [SpringApplicationShutdownHook] o.s.o.j.LocalContainerEntityManagerFactoryBean - Closing JPA EntityManagerFactory for persistence unit 'default'
2026-09-22 05:32:22 INFO  [SpringApplicationShutdownHook] com.zaxxer.hikari.HikariDataSource - HikariPool-1 - Shutdown initiated...
2026-09-22 05:32:22 INFO  [SpringApplicationShutdownHook] com.zaxxer.hikari.HikariDataSource - HikariPool-1 - Shutdown completed.
2026-09-22 05:34:19 INFO  [main] c.o.order_mgmt.OrderMgmtApplication - Starting OrderMgmtApplication v0.0.1-SNAPSHOT using Java 25.0.4 with PID 1 (/app/target/order_mgmt-0.0.1-SNAPSHOT.jar started by root in /app)
2026-09-22 05:34:19 INFO  [main] c.o.order_mgmt.OrderMgmtApplication - No active profile set, falling back to 1 default profile: "default"
2026-09-22 05:34:19 INFO  [background-preinit] o.h.validator.internal.util.Version - HV000001: Hibernate Validator 9.1.3.Final
2026-09-22 05:34:22 INFO  [main] o.s.d.r.c.RepositoryConfigurationDelegate - Bootstrapping Spring Data JPA repositories in DEFAULT mode.
2026-09-22 05:34:22 INFO  [main] o.s.d.r.c.RepositoryConfigurationDelegate - Finished Spring Data repository scanning in 275 ms. Found 2 JPA repository interfaces.
2026-09-22 05:34:25 INFO  [main] o.s.boot.tomcat.TomcatWebServer - Tomcat initialized with port 8080 (http)
2026-09-22 05:34:25 INFO  [main] o.a.coyote.http11.Http11NioProtocol - Initializing ProtocolHandler ["http-nio-8080"]
2026-09-22 05:34:25 INFO  [main] o.a.catalina.core.StandardService - Starting service [Tomcat]
2026-09-22 05:34:25 INFO  [main] o.a.catalina.core.StandardEngine - Starting Servlet engine: [Apache Tomcat/11.0.24]
2026-09-22 05:34:25 INFO  [main] o.s.b.w.c.s.WebApplicationContextInitializer - Root WebApplicationContext: initialization completed in 5774 ms
2026-09-22 05:34:25 INFO  [main] org.hibernate.orm.jpa - HHH008540: Processing PersistenceUnitInfo [name: default]
2026-09-22 05:34:26 INFO  [main] org.hibernate.orm.core - HHH000001: Hibernate ORM core version 7.4.5.Final
2026-09-22 05:34:27 INFO  [main] o.s.o.j.p.SpringPersistenceUnitInfo - No LoadTimeWeaver setup: ignoring JPA class transformer
2026-09-22 05:34:27 INFO  [main] com.zaxxer.hikari.HikariDataSource - HikariPool-1 - Starting...
2026-09-22 05:34:27 INFO  [main] com.zaxxer.hikari.pool.HikariPool - HikariPool-1 - Added connection org.postgresql.jdbc.PgConnection@7037a680
2026-09-22 05:34:27 INFO  [main] com.zaxxer.hikari.HikariDataSource - HikariPool-1 - Start completed.
2026-09-22 05:34:28 INFO  [main] o.hibernate.orm.connections.pooling - HHH10001005: Database info:
	Database JDBC URL [jdbc:postgresql://postgres:5432/order_db]
	Database driver: PostgreSQL JDBC Driver
	Database dialect: PostgreSQLDialect
	Database version: 18.6
	Default catalog/schema: order_db/public
	Autocommit mode: undefined/unknown
	Isolation level: READ_COMMITTED [default READ_COMMITTED]
	JDBC fetch size: none
	Pool: DataSourceConnectionProvider
	Minimum pool size: undefined/unknown
	Maximum pool size: undefined/unknown
2026-09-22 05:34:31 INFO  [main] org.hibernate.orm.core - HHH000489: No JTA platform available (set 'hibernate.transaction.jta.platform' to enable JTA platform integration)
2026-09-22 05:34:32 INFO  [main] o.s.o.j.LocalContainerEntityManagerFactoryBean - Initialized JPA EntityManagerFactory for persistence unit 'default'
2026-09-22 05:34:32 INFO  [main] o.s.d.j.r.q.QueryEnhancerFactories - Hibernate is in classpath; If applicable, HQL parser will be used.
2026-09-22 05:34:33 WARN  [main] o.s.b.j.a.JpaBaseConfiguration$JpaWebConfiguration - spring.jpa.open-in-view is enabled by default. Therefore, database queries may be performed during view rendering. Explicitly configure spring.jpa.open-in-view to disable this warning
2026-09-22 05:34:33 INFO  [main] o.s.s.c.a.a.c.InitializeUserDetailsBeanManagerConfigurer$InitializeUserDetailsManagerConfigurer - Global AuthenticationManager configured with UserDetailsService bean with name userServiceImpl
2026-09-22 05:34:34 INFO  [main] o.a.coyote.http11.Http11NioProtocol - Starting ProtocolHandler ["http-nio-8080"]
2026-09-22 05:34:34 INFO  [main] o.s.boot.tomcat.TomcatWebServer - Tomcat started on port 8080 (http) with context path '/'
2026-09-22 05:34:34 INFO  [main] c.o.order_mgmt.OrderMgmtApplication - Started OrderMgmtApplication in 17.109 seconds (process running for 18.438)
2026-09-22 05:35:06 INFO  [http-nio-8080-exec-1] o.a.c.c.C.[Tomcat].[localhost].[/] - Initializing Spring DispatcherServlet 'dispatcherServlet'
2026-09-22 05:35:06 INFO  [http-nio-8080-exec-1] o.s.web.servlet.DispatcherServlet - Initializing Servlet 'dispatcherServlet'
2026-09-22 05:35:06 INFO  [http-nio-8080-exec-1] o.s.web.servlet.DispatcherServlet - Completed initialization in 4 ms
2026-09-22 05:35:08 ERROR [http-nio-8080-exec-3] c.o.o.e.GlobalExceptionHandler - CSRF validation failed: No static resource js/adminlte.js for request '/js/adminlte.js'.
2026-09-22 05:35:08 WARN  [http-nio-8080-exec-3] o.t.s.p.AbstractStandardFragmentInsertionTagProcessor - [THYMELEAF][http-nio-8080-exec-3][500] Deprecated unwrapped fragment expression "fragments/layout :: head" found in template 500, line 3, col 9. Please use the complete syntax of fragment expressions instead ("~{fragments/layout :: head}"). The old, unwrapped syntax for fragment expressions will be removed in future versions of Thymeleaf.
2026-09-22 05:35:12 ERROR [http-nio-8080-exec-8] c.o.o.e.GlobalExceptionHandler - CSRF validation failed: No static resource js/adminlte.js for request '/js/adminlte.js'.
2026-09-22 05:35:12 WARN  [http-nio-8080-exec-8] o.t.s.p.AbstractStandardFragmentInsertionTagProcessor - [THYMELEAF][http-nio-8080-exec-8][500] Deprecated unwrapped fragment expression "fragments/layout :: head" found in template 500, line 3, col 9. Please use the complete syntax of fragment expressions instead ("~{fragments/layout :: head}"). The old, unwrapped syntax for fragment expressions will be removed in future versions of Thymeleaf.
2026-09-22 05:35:21 ERROR [http-nio-8080-exec-5] c.o.o.e.GlobalExceptionHandler - CSRF validation failed: No static resource assets/img/user8-128x128.jpg for request '/assets/img/user8-128x128.jpg'.
2026-09-22 05:35:21 ERROR [http-nio-8080-exec-4] c.o.o.e.GlobalExceptionHandler - CSRF validation failed: No static resource assets/img/user1-128x128.jpg for request '/assets/img/user1-128x128.jpg'.
2026-09-22 05:35:21 WARN  [http-nio-8080-exec-5] o.t.s.p.AbstractStandardFragmentInsertionTagProcessor - [THYMELEAF][http-nio-8080-exec-5][500] Deprecated unwrapped fragment expression "fragments/layout :: head" found in template 500, line 3, col 9. Please use the complete syntax of fragment expressions instead ("~{fragments/layout :: head}"). The old, unwrapped syntax for fragment expressions will be removed in future versions of Thymeleaf.
2026-09-22 05:35:21 WARN  [http-nio-8080-exec-4] o.t.s.p.AbstractStandardFragmentInsertionTagProcessor - [THYMELEAF][http-nio-8080-exec-4][500] Deprecated unwrapped fragment expression "fragments/layout :: head" found in template 500, line 3, col 9. Please use the complete syntax of fragment expressions instead ("~{fragments/layout :: head}"). The old, unwrapped syntax for fragment expressions will be removed in future versions of Thymeleaf.
2026-09-22 05:35:21 ERROR [http-nio-8080-exec-6] c.o.o.e.GlobalExceptionHandler - CSRF validation failed: No static resource assets/img/user3-128x128.jpg for request '/assets/img/user3-128x128.jpg'.
2026-09-22 05:35:21 WARN  [http-nio-8080-exec-6] o.t.s.p.AbstractStandardFragmentInsertionTagProcessor - [THYMELEAF][http-nio-8080-exec-6][500] Deprecated unwrapped fragment expression "fragments/layout :: head" found in template 500, line 3, col 9. Please use the complete syntax of fragment expressions instead ("~{fragments/layout :: head}"). The old, unwrapped syntax for fragment expressions will be removed in future versions of Thymeleaf.
2026-09-22 05:35:21 ERROR [http-nio-8080-exec-8] c.o.o.e.GlobalExceptionHandler - CSRF validation failed: No static resource assets/img/AdminLTELogo.png for request '/assets/img/AdminLTELogo.png'.
2026-09-22 05:35:21 ERROR [http-nio-8080-exec-7] c.o.o.e.GlobalExceptionHandler - CSRF validation failed: No static resource assets/img/user2-160x160.jpg for request '/assets/img/user2-160x160.jpg'.
2026-09-22 05:35:21 WARN  [http-nio-8080-exec-8] o.t.s.p.AbstractStandardFragmentInsertionTagProcessor - [THYMELEAF][http-nio-8080-exec-8][500] Deprecated unwrapped fragment expression "fragments/layout :: head" found in template 500, line 3, col 9. Please use the complete syntax of fragment expressions instead ("~{fragments/layout :: head}"). The old, unwrapped syntax for fragment expressions will be removed in future versions of Thymeleaf.
2026-09-22 05:35:21 WARN  [http-nio-8080-exec-7] o.t.s.p.AbstractStandardFragmentInsertionTagProcessor - [THYMELEAF][http-nio-8080-exec-7][500] Deprecated unwrapped fragment expression "fragments/layout :: head" found in template 500, line 3, col 9. Please use the complete syntax of fragment expressions instead ("~{fragments/layout :: head}"). The old, unwrapped syntax for fragment expressions will be removed in future versions of Thymeleaf.
2026-09-22 05:35:21 ERROR [http-nio-8080-exec-9] c.o.o.e.GlobalExceptionHandler - CSRF validation failed: No static resource js/adminlte.js for request '/js/adminlte.js'.
2026-09-22 05:35:21 WARN  [http-nio-8080-exec-9] o.t.s.p.AbstractStandardFragmentInsertionTagProcessor - [THYMELEAF][http-nio-8080-exec-9][500] Deprecated unwrapped fragment expression "fragments/layout :: head" found in template 500, line 3, col 9. Please use the complete syntax of fragment expressions instead ("~{fragments/layout :: head}"). The old, unwrapped syntax for fragment expressions will be removed in future versions of Thymeleaf.
2026-09-22 05:35:21 ERROR [http-nio-8080-exec-10] c.o.o.e.GlobalExceptionHandler - CSRF validation failed: No static resource assets/img/user7-128x128.jpg for request '/assets/img/user7-128x128.jpg'.
2026-09-22 05:35:21 WARN  [http-nio-8080-exec-10] o.t.s.p.AbstractStandardFragmentInsertionTagProcessor - [THYMELEAF][http-nio-8080-exec-10][500] Deprecated unwrapped fragment expression "fragments/layout :: head" found in template 500, line 3, col 9. Please use the complete syntax of fragment expressions instead ("~{fragments/layout :: head}"). The old, unwrapped syntax for fragment expressions will be removed in future versions of Thymeleaf.
2026-09-22 05:35:21 ERROR [http-nio-8080-exec-2] c.o.o.e.GlobalExceptionHandler - CSRF validation failed: No static resource assets/img/user6-128x128.jpg for request '/assets/img/user6-128x128.jpg'.
2026-09-22 05:35:21 WARN  [http-nio-8080-exec-2] o.t.s.p.AbstractStandardFragmentInsertionTagProcessor - [THYMELEAF][http-nio-8080-exec-2][500] Deprecated unwrapped fragment expression "fragments/layout :: head" found in template 500, line 3, col 9. Please use the complete syntax of fragment expressions instead ("~{fragments/layout :: head}"). The old, unwrapped syntax for fragment expressions will be removed in future versions of Thymeleaf.
2026-09-22 05:35:21 ERROR [http-nio-8080-exec-1] c.o.o.e.GlobalExceptionHandler - CSRF validation failed: No static resource assets/img/user5-128x128.jpg for request '/assets/img/user5-128x128.jpg'.
2026-09-22 05:35:21 WARN  [http-nio-8080-exec-1] o.t.s.p.AbstractStandardFragmentInsertionTagProcessor - [THYMELEAF][http-nio-8080-exec-1][500] Deprecated unwrapped fragment expression "fragments/layout :: head" found in template 500, line 3, col 9. Please use the complete syntax of fragment expressions instead ("~{fragments/layout :: head}"). The old, unwrapped syntax for fragment expressions will be removed in future versions of Thymeleaf.
2026-09-22 05:35:22 ERROR [http-nio-8080-exec-3] c.o.o.e.GlobalExceptionHandler - CSRF validation failed: No static resource favicon.ico for request '/favicon.ico'.
2026-09-22 05:35:22 WARN  [http-nio-8080-exec-3] o.t.s.p.AbstractStandardFragmentInsertionTagProcessor - [THYMELEAF][http-nio-8080-exec-3][500] Deprecated unwrapped fragment expression "fragments/layout :: head" found in template 500, line 3, col 9. Please use the complete syntax of fragment expressions instead ("~{fragments/layout :: head}"). The old, unwrapped syntax for fragment expressions will be removed in future versions of Thymeleaf.
2026-09-22 05:52:36 ERROR [http-nio-8080-exec-6] c.o.o.e.GlobalExceptionHandler - CSRF validation failed: No static resource js/adminlte.js for request '/js/adminlte.js'.
2026-09-22 05:52:36 WARN  [http-nio-8080-exec-6] o.t.s.p.AbstractStandardFragmentInsertionTagProcessor - [THYMELEAF][http-nio-8080-exec-6][500] Deprecated unwrapped fragment expression "fragments/layout :: head" found in template 500, line 3, col 9. Please use the complete syntax of fragment expressions instead ("~{fragments/layout :: head}"). The old, unwrapped syntax for fragment expressions will be removed in future versions of Thymeleaf.
2026-09-22 05:52:36 ERROR [http-nio-8080-exec-8] c.o.o.e.GlobalExceptionHandler - CSRF validation failed: No static resource favicon.ico for request '/favicon.ico'.
2026-09-22 05:52:36 WARN  [http-nio-8080-exec-8] o.t.s.p.AbstractStandardFragmentInsertionTagProcessor - [THYMELEAF][http-nio-8080-exec-8][500] Deprecated unwrapped fragment expression "fragments/layout :: head" found in template 500, line 3, col 9. Please use the complete syntax of fragment expressions instead ("~{fragments/layout :: head}"). The old, unwrapped syntax for fragment expressions will be removed in future versions of Thymeleaf.
2026-09-22 05:52:39 ERROR [http-nio-8080-exec-10] c.o.o.e.GlobalExceptionHandler - CSRF validation failed: No static resource js/adminlte.js for request '/js/adminlte.js'.
2026-09-22 05:52:39 WARN  [http-nio-8080-exec-10] o.t.s.p.AbstractStandardFragmentInsertionTagProcessor - [THYMELEAF][http-nio-8080-exec-10][500] Deprecated unwrapped fragment expression "fragments/layout :: head" found in template 500, line 3, col 9. Please use the complete syntax of fragment expressions instead ("~{fragments/layout :: head}"). The old, unwrapped syntax for fragment expressions will be removed in future versions of Thymeleaf.
2026-09-22 05:52:39 ERROR [http-nio-8080-exec-2] c.o.o.e.GlobalExceptionHandler - CSRF validation failed: No static resource favicon.ico for request '/favicon.ico'.
2026-09-22 05:52:39 WARN  [http-nio-8080-exec-2] o.t.s.p.AbstractStandardFragmentInsertionTagProcessor - [THYMELEAF][http-nio-8080-exec-2][500] Deprecated unwrapped fragment expression "fragments/layout :: head" found in template 500, line 3, col 9. Please use the complete syntax of fragment expressions instead ("~{fragments/layout :: head}"). The old, unwrapped syntax for fragment expressions will be removed in future versions of Thymeleaf.
2026-09-22 05:53:16 ERROR [http-nio-8080-exec-3] c.o.o.e.GlobalExceptionHandler - CSRF validation failed: No static resource .well-known/appspecific/com.chrome.devtools.json for request '/.well-known/appspecific/com.chrome.devtools.json'.
2026-09-22 05:53:16 WARN  [http-nio-8080-exec-3] o.t.s.p.AbstractStandardFragmentInsertionTagProcessor - [THYMELEAF][http-nio-8080-exec-3][500] Deprecated unwrapped fragment expression "fragments/layout :: head" found in template 500, line 3, col 9. Please use the complete syntax of fragment expressions instead ("~{fragments/layout :: head}"). The old, unwrapped syntax for fragment expressions will be removed in future versions of Thymeleaf.
2026-09-22 05:57:36 ERROR [http-nio-8080-exec-10] c.o.o.e.GlobalExceptionHandler - CSRF validation failed: No static resource assets/img/user8-128x128.jpg for request '/assets/img/user8-128x128.jpg'.
2026-09-22 05:57:36 ERROR [http-nio-8080-exec-9] c.o.o.e.GlobalExceptionHandler - CSRF validation failed: No static resource assets/img/user1-128x128.jpg for request '/assets/img/user1-128x128.jpg'.
2026-09-22 05:57:36 WARN  [http-nio-8080-exec-10] o.t.s.p.AbstractStandardFragmentInsertionTagProcessor - [THYMELEAF][http-nio-8080-exec-10][500] Deprecated unwrapped fragment expression "fragments/layout :: head" found in template 500, line 3, col 9. Please use the complete syntax of fragment expressions instead ("~{fragments/layout :: head}"). The old, unwrapped syntax for fragment expressions will be removed in future versions of Thymeleaf.
2026-09-22 05:57:36 WARN  [http-nio-8080-exec-9] o.t.s.p.AbstractStandardFragmentInsertionTagProcessor - [THYMELEAF][http-nio-8080-exec-9][500] Deprecated unwrapped fragment expression "fragments/layout :: head" found in template 500, line 3, col 9. Please use the complete syntax of fragment expressions instead ("~{fragments/layout :: head}"). The old, unwrapped syntax for fragment expressions will be removed in future versions of Thymeleaf.
2026-09-22 05:57:36 ERROR [http-nio-8080-exec-1] c.o.o.e.GlobalExceptionHandler - CSRF validation failed: No static resource assets/img/user2-160x160.jpg for request '/assets/img/user2-160x160.jpg'.
2026-09-22 05:57:36 WARN  [http-nio-8080-exec-1] o.t.s.p.AbstractStandardFragmentInsertionTagProcessor - [THYMELEAF][http-nio-8080-exec-1][500] Deprecated unwrapped fragment expression "fragments/layout :: head" found in template 500, line 3, col 9. Please use the complete syntax of fragment expressions instead ("~{fragments/layout :: head}"). The old, unwrapped syntax for fragment expressions will be removed in future versions of Thymeleaf.
2026-09-22 05:57:36 ERROR [http-nio-8080-exec-2] c.o.o.e.GlobalExceptionHandler - CSRF validation failed: No static resource assets/img/user3-128x128.jpg for request '/assets/img/user3-128x128.jpg'.
2026-09-22 05:57:36 ERROR [http-nio-8080-exec-3] c.o.o.e.GlobalExceptionHandler - CSRF validation failed: No static resource .well-known/appspecific/com.chrome.devtools.json for request '/.well-known/appspecific/com.chrome.devtools.json'.
2026-09-22 05:57:36 ERROR [http-nio-8080-exec-5] c.o.o.e.GlobalExceptionHandler - CSRF validation failed: No static resource js/adminlte.js for request '/js/adminlte.js'.
2026-09-22 05:57:36 WARN  [http-nio-8080-exec-3] o.t.s.p.AbstractStandardFragmentInsertionTagProcessor - [THYMELEAF][http-nio-8080-exec-3][500] Deprecated unwrapped fragment expression "fragments/layout :: head" found in template 500, line 3, col 9. Please use the complete syntax of fragment expressions instead ("~{fragments/layout :: head}"). The old, unwrapped syntax for fragment expressions will be removed in future versions of Thymeleaf.
2026-09-22 05:57:36 WARN  [http-nio-8080-exec-2] o.t.s.p.AbstractStandardFragmentInsertionTagProcessor - [THYMELEAF][http-nio-8080-exec-2][500] Deprecated unwrapped fragment expression "fragments/layout :: head" found in template 500, line 3, col 9. Please use the complete syntax of fragment expressions instead ("~{fragments/layout :: head}"). The old, unwrapped syntax for fragment expressions will be removed in future versions of Thymeleaf.
2026-09-22 05:57:36 WARN  [http-nio-8080-exec-5] o.t.s.p.AbstractStandardFragmentInsertionTagProcessor - [THYMELEAF][http-nio-8080-exec-5][500] Deprecated unwrapped fragment expression "fragments/layout :: head" found in template 500, line 3, col 9. Please use the complete syntax of fragment expressions instead ("~{fragments/layout :: head}"). The old, unwrapped syntax for fragment expressions will be removed in future versions of Thymeleaf.
2026-09-22 05:57:36 ERROR [http-nio-8080-exec-4] c.o.o.e.GlobalExceptionHandler - CSRF validation failed: No static resource assets/img/AdminLTELogo.png for request '/assets/img/AdminLTELogo.png'.
2026-09-22 05:57:36 WARN  [http-nio-8080-exec-4] o.t.s.p.AbstractStandardFragmentInsertionTagProcessor - [THYMELEAF][http-nio-8080-exec-4][500] Deprecated unwrapped fragment expression "fragments/layout :: head" found in template 500, line 3, col 9. Please use the complete syntax of fragment expressions instead ("~{fragments/layout :: head}"). The old, unwrapped syntax for fragment expressions will be removed in future versions of Thymeleaf.
2026-09-22 05:57:36 ERROR [http-nio-8080-exec-7] c.o.o.e.GlobalExceptionHandler - CSRF validation failed: No static resource assets/img/user6-128x128.jpg for request '/assets/img/user6-128x128.jpg'.
2026-09-22 05:57:36 WARN  [http-nio-8080-exec-7] o.t.s.p.AbstractStandardFragmentInsertionTagProcessor - [THYMELEAF][http-nio-8080-exec-7][500] Deprecated unwrapped fragment expression "fragments/layout :: head" found in template 500, line 3, col 9. Please use the complete syntax of fragment expressions instead ("~{fragments/layout :: head}"). The old, unwrapped syntax for fragment expressions will be removed in future versions of Thymeleaf.
2026-09-22 05:57:36 ERROR [http-nio-8080-exec-8] c.o.o.e.GlobalExceptionHandler - CSRF validation failed: No static resource assets/img/user5-128x128.jpg for request '/assets/img/user5-128x128.jpg'.
2026-09-22 05:57:36 ERROR [http-nio-8080-exec-6] c.o.o.e.GlobalExceptionHandler - CSRF validation failed: No static resource assets/img/user7-128x128.jpg for request '/assets/img/user7-128x128.jpg'.
2026-09-22 05:57:36 WARN  [http-nio-8080-exec-8] o.t.s.p.AbstractStandardFragmentInsertionTagProcessor - [THYMELEAF][http-nio-8080-exec-8][500] Deprecated unwrapped fragment expression "fragments/layout :: head" found in template 500, line 3, col 9. Please use the complete syntax of fragment expressions instead ("~{fragments/layout :: head}"). The old, unwrapped syntax for fragment expressions will be removed in future versions of Thymeleaf.
2026-09-22 05:57:36 WARN  [http-nio-8080-exec-6] o.t.s.p.AbstractStandardFragmentInsertionTagProcessor - [THYMELEAF][http-nio-8080-exec-6][500] Deprecated unwrapped fragment expression "fragments/layout :: head" found in template 500, line 3, col 9. Please use the complete syntax of fragment expressions instead ("~{fragments/layout :: head}"). The old, unwrapped syntax for fragment expressions will be removed in future versions of Thymeleaf.
2026-09-22 05:57:37 ERROR [http-nio-8080-exec-1] c.o.o.e.GlobalExceptionHandler - CSRF validation failed: No static resource favicon.ico for request '/favicon.ico'.
2026-09-22 05:57:37 WARN  [http-nio-8080-exec-1] o.t.s.p.AbstractStandardFragmentInsertionTagProcessor - [THYMELEAF][http-nio-8080-exec-1][500] Deprecated unwrapped fragment expression "fragments/layout :: head" found in template 500, line 3, col 9. Please use the complete syntax of fragment expressions instead ("~{fragments/layout :: head}"). The old, unwrapped syntax for fragment expressions will be removed in future versions of Thymeleaf.
2026-09-22 05:59:07 INFO  [SpringApplicationShutdownHook] o.s.boot.tomcat.GracefulShutdown - Commencing graceful shutdown. Waiting for active requests to complete
2026-09-22 05:59:07 INFO  [tomcat-shutdown] o.s.boot.tomcat.GracefulShutdown - Graceful shutdown complete
2026-09-22 05:59:07 INFO  [SpringApplicationShutdownHook] o.s.o.j.LocalContainerEntityManagerFactoryBean - Closing JPA EntityManagerFactory for persistence unit 'default'
2026-09-22 05:59:07 INFO  [SpringApplicationShutdownHook] com.zaxxer.hikari.HikariDataSource - HikariPool-1 - Shutdown initiated...
2026-09-22 05:59:07 INFO  [SpringApplicationShutdownHook] com.zaxxer.hikari.HikariDataSource - HikariPool-1 - Shutdown completed.
2026-09-22 13:46:02 INFO  [main] c.o.order_mgmt.OrderMgmtApplication - Starting OrderMgmtApplication v0.0.1-SNAPSHOT using Java 25.0.4 with PID 1 (/app/target/order_mgmt-0.0.1-SNAPSHOT.jar started by root in /app)
2026-09-22 13:46:02 INFO  [main] c.o.order_mgmt.OrderMgmtApplication - No active profile set, falling back to 1 default profile: "default"
2026-09-22 13:46:02 INFO  [background-preinit] o.h.validator.internal.util.Version - HV000001: Hibernate Validator 9.1.3.Final
2026-09-22 13:46:04 INFO  [main] o.s.d.r.c.RepositoryConfigurationDelegate - Bootstrapping Spring Data JPA repositories in DEFAULT mode.
2026-09-22 13:46:04 INFO  [main] o.s.d.r.c.RepositoryConfigurationDelegate - Finished Spring Data repository scanning in 115 ms. Found 2 JPA repository interfaces.
2026-09-22 13:46:06 INFO  [main] o.s.boot.tomcat.TomcatWebServer - Tomcat initialized with port 8080 (http)
2026-09-22 13:46:06 INFO  [main] o.a.coyote.http11.Http11NioProtocol - Initializing ProtocolHandler ["http-nio-8080"]
2026-09-22 13:46:06 INFO  [main] o.a.catalina.core.StandardService - Starting service [Tomcat]
2026-09-22 13:46:06 INFO  [main] o.a.catalina.core.StandardEngine - Starting Servlet engine: [Apache Tomcat/11.0.24]
2026-09-22 13:46:06 INFO  [main] o.s.b.w.c.s.WebApplicationContextInitializer - Root WebApplicationContext: initialization completed in 4017 ms
2026-09-22 13:46:06 INFO  [main] org.hibernate.orm.jpa - HHH008540: Processing PersistenceUnitInfo [name: default]
2026-09-22 13:46:07 INFO  [main] org.hibernate.orm.core - HHH000001: Hibernate ORM core version 7.4.5.Final
2026-09-22 13:46:09 INFO  [main] o.s.o.j.p.SpringPersistenceUnitInfo - No LoadTimeWeaver setup: ignoring JPA class transformer
2026-09-22 13:46:09 INFO  [main] com.zaxxer.hikari.HikariDataSource - HikariPool-1 - Starting...
2026-09-22 13:46:10 INFO  [main] com.zaxxer.hikari.pool.HikariPool - HikariPool-1 - Added connection org.postgresql.jdbc.PgConnection@47ffdbba
2026-09-22 13:46:10 INFO  [main] com.zaxxer.hikari.HikariDataSource - HikariPool-1 - Start completed.
2026-09-22 13:46:10 INFO  [main] o.hibernate.orm.connections.pooling - HHH10001005: Database info:
	Database JDBC URL [jdbc:postgresql://postgres:5432/order_db]
	Database driver: PostgreSQL JDBC Driver
	Database dialect: PostgreSQLDialect
	Database version: 18.6
	Default catalog/schema: order_db/public
	Autocommit mode: undefined/unknown
	Isolation level: READ_COMMITTED [default READ_COMMITTED]
	JDBC fetch size: none
	Pool: DataSourceConnectionProvider
	Minimum pool size: undefined/unknown
	Maximum pool size: undefined/unknown
2026-09-22 13:46:14 INFO  [main] org.hibernate.orm.core - HHH000489: No JTA platform available (set 'hibernate.transaction.jta.platform' to enable JTA platform integration)
2026-09-22 13:46:14 INFO  [main] o.s.o.j.LocalContainerEntityManagerFactoryBean - Initialized JPA EntityManagerFactory for persistence unit 'default'
2026-09-22 13:46:15 INFO  [main] o.s.d.j.r.q.QueryEnhancerFactories - Hibernate is in classpath; If applicable, HQL parser will be used.
2026-09-22 13:46:16 WARN  [main] o.s.b.j.a.JpaBaseConfiguration$JpaWebConfiguration - spring.jpa.open-in-view is enabled by default. Therefore, database queries may be performed during view rendering. Explicitly configure spring.jpa.open-in-view to disable this warning
2026-09-22 13:46:16 INFO  [main] o.s.s.c.a.a.c.InitializeUserDetailsBeanManagerConfigurer$InitializeUserDetailsManagerConfigurer - Global AuthenticationManager configured with UserDetailsService bean with name userServiceImpl
2026-09-22 13:46:18 INFO  [main] o.a.coyote.http11.Http11NioProtocol - Starting ProtocolHandler ["http-nio-8080"]
2026-09-22 13:46:18 INFO  [main] o.s.boot.tomcat.TomcatWebServer - Tomcat started on port 8080 (http) with context path '/'
2026-09-22 13:46:18 INFO  [main] c.o.order_mgmt.OrderMgmtApplication - Started OrderMgmtApplication in 18.758 seconds (process running for 20.475)
2026-09-22 13:46:22 INFO  [http-nio-8080-exec-1] o.a.c.c.C.[Tomcat].[localhost].[/] - Initializing Spring DispatcherServlet 'dispatcherServlet'
2026-09-22 13:46:22 INFO  [http-nio-8080-exec-1] o.s.web.servlet.DispatcherServlet - Initializing Servlet 'dispatcherServlet'
2026-09-22 13:46:22 INFO  [http-nio-8080-exec-1] o.s.web.servlet.DispatcherServlet - Completed initialization in 3 ms
2026-09-22 13:46:23 ERROR [http-nio-8080-exec-4] c.o.o.e.GlobalExceptionHandler - CSRF validation failed: No static resource js/adminlte.js for request '/js/adminlte.js'.
