2026-10-01 14:59:20 ERROR [http-nio-8080-exec-3] c.o.o.e.GlobalExceptionHandler - CSRF validation failed: No static resource js/adminlte.js for request '/js/adminlte.js'.
2026-10-01 14:59:23 ERROR [http-nio-8080-exec-8] c.o.o.e.GlobalExceptionHandler - CSRF validation failed: No static resource js/adminlte.js for request '/js/adminlte.js'.
2026-10-01 14:59:38 ERROR [http-nio-8080-exec-9] c.o.o.e.GlobalExceptionHandler - CSRF validation failed: No static resource js/adminlte.js for request '/js/adminlte.js'.
2026-10-01 14:59:38 ERROR [http-nio-8080-exec-7] c.o.o.e.GlobalExceptionHandler - CSRF validation failed: No static resource favicon.ico for request '/favicon.ico'.
2026-10-01 14:59:40 ERROR [http-nio-8080-exec-2] c.o.o.e.GlobalExceptionHandler - CSRF validation failed: No static resource favicon.ico for request '/favicon.ico'.
2026-10-01 15:01:01 ERROR [http-nio-8080-exec-10] c.o.o.e.GlobalExceptionHandler - CSRF validation failed: No static resource .well-known/appspecific/com.chrome.devtools.json for request '/.well-known/appspecific/com.chrome.devtools.json'.
2026-10-01 15:03:12 INFO  [SpringApplicationShutdownHook] o.s.boot.tomcat.GracefulShutdown - Commencing graceful shutdown. Waiting for active requests to complete
2026-10-01 15:03:12 INFO  [tomcat-shutdown] o.s.boot.tomcat.GracefulShutdown - Graceful shutdown complete
2026-10-01 15:03:12 INFO  [SpringApplicationShutdownHook] o.s.o.j.LocalContainerEntityManagerFactoryBean - Closing JPA EntityManagerFactory for persistence unit 'default'
2026-10-01 15:03:12 INFO  [SpringApplicationShutdownHook] com.zaxxer.hikari.HikariDataSource - HikariPool-1 - Shutdown initiated...
2026-10-01 15:03:12 INFO  [SpringApplicationShutdownHook] com.zaxxer.hikari.HikariDataSource - HikariPool-1 - Shutdown completed.
2026-10-01 15:04:09 INFO  [main] c.o.order_mgmt.OrderMgmtApplication - Starting OrderMgmtApplication v0.0.1-SNAPSHOT using Java 25.0.4.1 with PID 1 (/app/target/order_mgmt-0.0.1-SNAPSHOT.jar started by root in /app)
2026-10-01 15:04:09 INFO  [main] c.o.order_mgmt.OrderMgmtApplication - No active profile set, falling back to 1 default profile: "default"
2026-10-01 15:04:09 INFO  [background-preinit] o.h.validator.internal.util.Version - HV000001: Hibernate Validator 9.1.3.Final
2026-10-01 15:04:09 INFO  [main] o.s.d.r.c.RepositoryConfigurationDelegate - Bootstrapping Spring Data JPA repositories in DEFAULT mode.
2026-10-01 15:04:09 INFO  [main] o.s.d.r.c.RepositoryConfigurationDelegate - Finished Spring Data repository scanning in 18 ms. Found 2 JPA repository interfaces.
2026-10-01 15:04:09 INFO  [main] o.s.boot.tomcat.TomcatWebServer - Tomcat initialized with port 8080 (http)
2026-10-01 15:04:09 INFO  [main] o.a.coyote.http11.Http11NioProtocol - Initializing ProtocolHandler ["http-nio-8080"]
2026-10-01 15:04:09 INFO  [main] o.a.catalina.core.StandardService - Starting service [Tomcat]
2026-10-01 15:04:09 INFO  [main] o.a.catalina.core.StandardEngine - Starting Servlet engine: [Apache Tomcat/11.0.24]
2026-10-01 15:04:09 INFO  [main] o.s.b.w.c.s.WebApplicationContextInitializer - Root WebApplicationContext: initialization completed in 565 ms
2026-10-01 15:04:10 INFO  [main] org.hibernate.orm.jpa - HHH008540: Processing PersistenceUnitInfo [name: default]
2026-10-01 15:04:10 INFO  [main] org.hibernate.orm.core - HHH000001: Hibernate ORM core version 7.4.5.Final
2026-10-01 15:04:10 INFO  [main] o.s.o.j.p.SpringPersistenceUnitInfo - No LoadTimeWeaver setup: ignoring JPA class transformer
2026-10-01 15:04:10 INFO  [main] com.zaxxer.hikari.HikariDataSource - HikariPool-1 - Starting...
2026-10-01 15:04:10 INFO  [main] com.zaxxer.hikari.pool.HikariPool - HikariPool-1 - Added connection org.postgresql.jdbc.PgConnection@ba0018e
2026-10-01 15:04:10 INFO  [main] com.zaxxer.hikari.HikariDataSource - HikariPool-1 - Start completed.
2026-10-01 15:04:10 INFO  [main] o.hibernate.orm.connections.pooling - HHH10001005: Database info:
	Database JDBC URL [jdbc:postgresql://postgres:5432/order_db]
	Database driver: PostgreSQL JDBC Driver
	Database dialect: PostgreSQLDialect
	Database version: 18.6
	Default catalog/schema: order_db/public
	Autocommit mode: undefined/unknown
	Isolation level: READ_COMMITTED [default READ_COMMITTED]
	JDBC fetch size: none
	Pool: DataSourceConnectionProvider
	Minimum pool size: undefined/unknown
	Maximum pool size: undefined/unknown
2026-10-01 15:04:10 INFO  [main] org.hibernate.orm.core - HHH000489: No JTA platform available (set 'hibernate.transaction.jta.platform' to enable JTA platform integration)
2026-10-01 15:04:10 INFO  [main] o.s.o.j.LocalContainerEntityManagerFactoryBean - Initialized JPA EntityManagerFactory for persistence unit 'default'
2026-10-01 15:04:10 INFO  [main] o.s.d.j.r.q.QueryEnhancerFactories - Hibernate is in classpath; If applicable, HQL parser will be used.
2026-10-01 15:04:10 WARN  [main] o.s.b.j.a.JpaBaseConfiguration$JpaWebConfiguration - spring.jpa.open-in-view is enabled by default. Therefore, database queries may be performed during view rendering. Explicitly configure spring.jpa.open-in-view to disable this warning
2026-10-01 15:04:10 INFO  [main] o.s.s.c.a.a.c.InitializeUserDetailsBeanManagerConfigurer$InitializeUserDetailsManagerConfigurer - Global AuthenticationManager configured with UserDetailsService bean with name userServiceImpl
2026-10-01 15:04:11 INFO  [main] o.a.coyote.http11.Http11NioProtocol - Starting ProtocolHandler ["http-nio-8080"]
2026-10-01 15:04:11 INFO  [main] o.s.boot.tomcat.TomcatWebServer - Tomcat started on port 8080 (http) with context path '/'
2026-10-01 15:04:11 INFO  [main] c.o.order_mgmt.OrderMgmtApplication - Started OrderMgmtApplication in 1.999 seconds (process running for 2.214)
2026-10-01 15:04:35 INFO  [http-nio-8080-exec-2] o.a.c.c.C.[Tomcat].[localhost].[/] - Initializing Spring DispatcherServlet 'dispatcherServlet'
2026-10-01 15:04:35 INFO  [http-nio-8080-exec-2] o.s.web.servlet.DispatcherServlet - Initializing Servlet 'dispatcherServlet'
2026-10-01 15:04:35 INFO  [http-nio-8080-exec-2] o.s.web.servlet.DispatcherServlet - Completed initialization in 0 ms
2026-10-01 15:04:43 ERROR [http-nio-8080-exec-7] c.o.o.e.GlobalExceptionHandler - CSRF validation failed: No static resource favicon.ico for request '/favicon.ico'.
2026-10-01 15:04:51 ERROR [http-nio-8080-exec-8] c.o.o.e.GlobalExceptionHandler - CSRF validation failed: No static resource .well-known/appspecific/com.chrome.devtools.json for request '/.well-known/appspecific/com.chrome.devtools.json'.
2026-10-01 15:07:52 INFO  [SpringApplicationShutdownHook] o.s.boot.tomcat.GracefulShutdown - Commencing graceful shutdown. Waiting for active requests to complete
2026-10-01 15:07:52 INFO  [tomcat-shutdown] o.s.boot.tomcat.GracefulShutdown - Graceful shutdown complete
2026-10-01 15:07:52 INFO  [SpringApplicationShutdownHook] o.s.o.j.LocalContainerEntityManagerFactoryBean - Closing JPA EntityManagerFactory for persistence unit 'default'
2026-10-01 15:07:52 INFO  [SpringApplicationShutdownHook] com.zaxxer.hikari.HikariDataSource - HikariPool-1 - Shutdown initiated...
2026-10-01 15:07:52 INFO  [SpringApplicationShutdownHook] com.zaxxer.hikari.HikariDataSource - HikariPool-1 - Shutdown completed.
2026-10-01 15:08:29 INFO  [main] c.o.order_mgmt.OrderMgmtApplication - Starting OrderMgmtApplication v0.0.1-SNAPSHOT using Java 25.0.4.1 with PID 1 (/app/target/order_mgmt-0.0.1-SNAPSHOT.jar started by root in /app)
2026-10-01 15:08:29 INFO  [main] c.o.order_mgmt.OrderMgmtApplication - No active profile set, falling back to 1 default profile: "default"
2026-10-01 15:08:29 INFO  [background-preinit] o.h.validator.internal.util.Version - HV000001: Hibernate Validator 9.1.3.Final
2026-10-01 15:08:29 INFO  [main] o.s.d.r.c.RepositoryConfigurationDelegate - Bootstrapping Spring Data JPA repositories in DEFAULT mode.
2026-10-01 15:08:29 INFO  [main] o.s.d.r.c.RepositoryConfigurationDelegate - Finished Spring Data repository scanning in 15 ms. Found 2 JPA repository interfaces.
2026-10-01 15:08:29 INFO  [main] o.s.boot.tomcat.TomcatWebServer - Tomcat initialized with port 8080 (http)
2026-10-01 15:08:29 INFO  [main] o.a.coyote.http11.Http11NioProtocol - Initializing ProtocolHandler ["http-nio-8080"]
2026-10-01 15:08:29 INFO  [main] o.a.catalina.core.StandardService - Starting service [Tomcat]
2026-10-01 15:08:29 INFO  [main] o.a.catalina.core.StandardEngine - Starting Servlet engine: [Apache Tomcat/11.0.24]
2026-10-01 15:08:29 INFO  [main] o.s.b.w.c.s.WebApplicationContextInitializer - Root WebApplicationContext: initialization completed in 555 ms
2026-10-01 15:08:30 INFO  [main] org.hibernate.orm.jpa - HHH008540: Processing PersistenceUnitInfo [name: default]
2026-10-01 15:08:30 INFO  [main] org.hibernate.orm.core - HHH000001: Hibernate ORM core version 7.4.5.Final
2026-10-01 15:08:30 INFO  [main] o.s.o.j.p.SpringPersistenceUnitInfo - No LoadTimeWeaver setup: ignoring JPA class transformer
2026-10-01 15:08:30 INFO  [main] com.zaxxer.hikari.HikariDataSource - HikariPool-1 - Starting...
2026-10-01 15:08:30 INFO  [main] com.zaxxer.hikari.pool.HikariPool - HikariPool-1 - Added connection org.postgresql.jdbc.PgConnection@420b55ed
2026-10-01 15:08:30 INFO  [main] com.zaxxer.hikari.HikariDataSource - HikariPool-1 - Start completed.
2026-10-01 15:08:30 INFO  [main] o.hibernate.orm.connections.pooling - HHH10001005: Database info:
	Database JDBC URL [jdbc:postgresql://postgres:5432/order_db]
	Database driver: PostgreSQL JDBC Driver
	Database dialect: PostgreSQLDialect
	Database version: 18.6
	Default catalog/schema: order_db/public
	Autocommit mode: undefined/unknown
	Isolation level: READ_COMMITTED [default READ_COMMITTED]
	JDBC fetch size: none
	Pool: DataSourceConnectionProvider
	Minimum pool size: undefined/unknown
	Maximum pool size: undefined/unknown
2026-10-01 15:08:30 INFO  [main] org.hibernate.orm.core - HHH000489: No JTA platform available (set 'hibernate.transaction.jta.platform' to enable JTA platform integration)
2026-10-01 15:08:30 INFO  [main] o.s.o.j.LocalContainerEntityManagerFactoryBean - Initialized JPA EntityManagerFactory for persistence unit 'default'
2026-10-01 15:08:30 INFO  [main] o.s.d.j.r.q.QueryEnhancerFactories - Hibernate is in classpath; If applicable, HQL parser will be used.
2026-10-01 15:08:30 WARN  [main] o.s.b.j.a.JpaBaseConfiguration$JpaWebConfiguration - spring.jpa.open-in-view is enabled by default. Therefore, database queries may be performed during view rendering. Explicitly configure spring.jpa.open-in-view to disable this warning
2026-10-01 15:08:30 INFO  [main] o.s.s.c.a.a.c.InitializeUserDetailsBeanManagerConfigurer$InitializeUserDetailsManagerConfigurer - Global AuthenticationManager configured with UserDetailsService bean with name userServiceImpl
2026-10-01 15:08:31 INFO  [main] o.a.coyote.http11.Http11NioProtocol - Starting ProtocolHandler ["http-nio-8080"]
2026-10-01 15:08:31 INFO  [main] o.s.boot.tomcat.TomcatWebServer - Tomcat started on port 8080 (http) with context path '/'
2026-10-01 15:08:31 INFO  [main] c.o.order_mgmt.OrderMgmtApplication - Started OrderMgmtApplication in 2.022 seconds (process running for 2.224)
2026-10-01 15:08:59 INFO  [http-nio-8080-exec-1] o.a.c.c.C.[Tomcat].[localhost].[/] - Initializing Spring DispatcherServlet 'dispatcherServlet'
2026-10-01 15:08:59 INFO  [http-nio-8080-exec-1] o.s.web.servlet.DispatcherServlet - Initializing Servlet 'dispatcherServlet'
2026-10-01 15:08:59 INFO  [http-nio-8080-exec-1] o.s.web.servlet.DispatcherServlet - Completed initialization in 1 ms
2026-10-01 15:09:07 ERROR [http-nio-8080-exec-7] c.o.o.e.GlobalExceptionHandler - CSRF validation failed: No static resource favicon.ico for request '/favicon.ico'.
2026-10-01 15:09:08 ERROR [http-nio-8080-exec-8] c.o.o.e.GlobalExceptionHandler - CSRF validation failed: No static resource dashboard.html for request '/dashboard.html'.
2026-10-01 15:09:09 ERROR [http-nio-8080-exec-3] c.o.o.e.GlobalExceptionHandler - CSRF validation failed: No static resource favicon.ico for request '/favicon.ico'.
2026-10-01 15:09:11 ERROR [http-nio-8080-exec-4] c.o.o.e.GlobalExceptionHandler - CSRF validation failed: No static resource index.html for request '/index.html'.
2026-10-01 15:09:11 ERROR [http-nio-8080-exec-9] c.o.o.e.GlobalExceptionHandler - CSRF validation failed: No static resource favicon.ico for request '/favicon.ico'.
2026-10-01 15:09:12 ERROR [http-nio-8080-exec-2] c.o.o.e.GlobalExceptionHandler - CSRF validation failed: No static resource index.html for request '/index.html'.
2026-10-01 15:09:12 ERROR [http-nio-8080-exec-5] c.o.o.e.GlobalExceptionHandler - CSRF validation failed: No static resource favicon.ico for request '/favicon.ico'.
2026-10-01 15:09:13 ERROR [http-nio-8080-exec-10] c.o.o.e.GlobalExceptionHandler - CSRF validation failed: No static resource dashboard.html for request '/dashboard.html'.
2026-10-01 15:09:13 ERROR [http-nio-8080-exec-6] c.o.o.e.GlobalExceptionHandler - CSRF validation failed: No static resource favicon.ico for request '/favicon.ico'.
2026-10-01 15:09:15 ERROR [http-nio-8080-exec-7] c.o.o.e.GlobalExceptionHandler - CSRF validation failed: No static resource favicon.ico for request '/favicon.ico'.
2026-10-01 15:09:21 ERROR [http-nio-8080-exec-8] c.o.o.e.GlobalExceptionHandler - CSRF validation failed: No static resource .well-known/appspecific/com.chrome.devtools.json for request '/.well-known/appspecific/com.chrome.devtools.json'.
2026-10-01 15:18:15 INFO  [SpringApplicationShutdownHook] o.s.boot.tomcat.GracefulShutdown - Commencing graceful shutdown. Waiting for active requests to complete
2026-10-01 15:18:15 INFO  [tomcat-shutdown] o.s.boot.tomcat.GracefulShutdown - Graceful shutdown complete
2026-10-01 15:18:15 INFO  [SpringApplicationShutdownHook] o.s.o.j.LocalContainerEntityManagerFactoryBean - Closing JPA EntityManagerFactory for persistence unit 'default'
2026-10-01 15:18:15 INFO  [SpringApplicationShutdownHook] com.zaxxer.hikari.HikariDataSource - HikariPool-1 - Shutdown initiated...
2026-10-01 15:18:15 INFO  [SpringApplicationShutdownHook] com.zaxxer.hikari.HikariDataSource - HikariPool-1 - Shutdown completed.
2026-10-01 15:18:55 INFO  [main] c.o.order_mgmt.OrderMgmtApplication - Starting OrderMgmtApplication v0.0.1-SNAPSHOT using Java 25.0.4.1 with PID 1 (/app/target/order_mgmt-0.0.1-SNAPSHOT.jar started by root in /app)
2026-10-01 15:18:55 INFO  [main] c.o.order_mgmt.OrderMgmtApplication - No active profile set, falling back to 1 default profile: "default"
2026-10-01 15:18:55 INFO  [background-preinit] o.h.validator.internal.util.Version - HV000001: Hibernate Validator 9.1.3.Final
2026-10-01 15:18:56 INFO  [main] o.s.d.r.c.RepositoryConfigurationDelegate - Bootstrapping Spring Data JPA repositories in DEFAULT mode.
2026-10-01 15:18:56 INFO  [main] o.s.d.r.c.RepositoryConfigurationDelegate - Finished Spring Data repository scanning in 12 ms. Found 2 JPA repository interfaces.
2026-10-01 15:18:56 INFO  [main] o.s.boot.tomcat.TomcatWebServer - Tomcat initialized with port 8080 (http)
2026-10-01 15:18:56 INFO  [main] o.a.coyote.http11.Http11NioProtocol - Initializing ProtocolHandler ["http-nio-8080"]
2026-10-01 15:18:56 INFO  [main] o.a.catalina.core.StandardService - Starting service [Tomcat]
2026-10-01 15:18:56 INFO  [main] o.a.catalina.core.StandardEngine - Starting Servlet engine: [Apache Tomcat/11.0.24]
2026-10-01 15:18:56 INFO  [main] o.s.b.w.c.s.WebApplicationContextInitializer - Root WebApplicationContext: initialization completed in 556 ms
2026-10-01 15:18:56 INFO  [main] org.hibernate.orm.jpa - HHH008540: Processing PersistenceUnitInfo [name: default]
2026-10-01 15:18:56 INFO  [main] org.hibernate.orm.core - HHH000001: Hibernate ORM core version 7.4.5.Final
2026-10-01 15:18:56 INFO  [main] o.s.o.j.p.SpringPersistenceUnitInfo - No LoadTimeWeaver setup: ignoring JPA class transformer
2026-10-01 15:18:56 INFO  [main] com.zaxxer.hikari.HikariDataSource - HikariPool-1 - Starting...
2026-10-01 15:18:56 INFO  [main] com.zaxxer.hikari.pool.HikariPool - HikariPool-1 - Added connection org.postgresql.jdbc.PgConnection@67f8f5a6
2026-10-01 15:18:56 INFO  [main] com.zaxxer.hikari.HikariDataSource - HikariPool-1 - Start completed.
2026-10-01 15:18:56 INFO  [main] o.hibernate.orm.connections.pooling - HHH10001005: Database info:
	Database JDBC URL [jdbc:postgresql://postgres:5432/order_db]
	Database driver: PostgreSQL JDBC Driver
	Database dialect: PostgreSQLDialect
	Database version: 18.6
	Default catalog/schema: order_db/public
	Autocommit mode: undefined/unknown
	Isolation level: READ_COMMITTED [default READ_COMMITTED]
	JDBC fetch size: none
	Pool: DataSourceConnectionProvider
	Minimum pool size: undefined/unknown
	Maximum pool size: undefined/unknown
2026-10-01 15:18:57 INFO  [main] org.hibernate.orm.core - HHH000489: No JTA platform available (set 'hibernate.transaction.jta.platform' to enable JTA platform integration)
2026-10-01 15:18:57 INFO  [main] o.s.o.j.LocalContainerEntityManagerFactoryBean - Initialized JPA EntityManagerFactory for persistence unit 'default'
2026-10-01 15:18:57 INFO  [main] o.s.d.j.r.q.QueryEnhancerFactories - Hibernate is in classpath; If applicable, HQL parser will be used.
2026-10-01 15:18:57 WARN  [main] o.s.b.j.a.JpaBaseConfiguration$JpaWebConfiguration - spring.jpa.open-in-view is enabled by default. Therefore, database queries may be performed during view rendering. Explicitly configure spring.jpa.open-in-view to disable this warning
2026-10-01 15:18:57 INFO  [main] o.s.s.c.a.a.c.InitializeUserDetailsBeanManagerConfigurer$InitializeUserDetailsManagerConfigurer - Global AuthenticationManager configured with UserDetailsService bean with name userServiceImpl
2026-10-01 15:18:57 INFO  [main] o.a.coyote.http11.Http11NioProtocol - Starting ProtocolHandler ["http-nio-8080"]
2026-10-01 15:18:57 INFO  [main] o.s.boot.tomcat.TomcatWebServer - Tomcat started on port 8080 (http) with context path '/'
2026-10-01 15:18:57 INFO  [main] c.o.order_mgmt.OrderMgmtApplication - Started OrderMgmtApplication in 1.977 seconds (process running for 2.191)
2026-10-01 15:19:00 INFO  [http-nio-8080-exec-1] o.a.c.c.C.[Tomcat].[localhost].[/] - Initializing Spring DispatcherServlet 'dispatcherServlet'
2026-10-01 15:19:00 INFO  [http-nio-8080-exec-1] o.s.web.servlet.DispatcherServlet - Initializing Servlet 'dispatcherServlet'
2026-10-01 15:19:00 INFO  [http-nio-8080-exec-1] o.s.web.servlet.DispatcherServlet - Completed initialization in 0 ms
2026-10-01 15:19:10 ERROR [http-nio-8080-exec-10] c.o.o.e.GlobalExceptionHandler - CSRF validation failed: No static resource favicon.ico for request '/favicon.ico'.
2026-10-01 15:19:13 ERROR [http-nio-8080-exec-10] c.o.o.e.GlobalExceptionHandler - CSRF validation failed: No static resource favicon.ico for request '/favicon.ico'.
2026-10-01 15:19:14 ERROR [http-nio-8080-exec-10] c.o.o.e.GlobalExceptionHandler - CSRF validation failed: No static resource favicon.ico for request '/favicon.ico'.
2026-10-01 15:19:14 ERROR [http-nio-8080-exec-9] c.o.o.e.GlobalExceptionHandler - CSRF validation failed: No static resource favicon.ico for request '/favicon.ico'.
2026-10-01 15:19:14 ERROR [http-nio-8080-exec-9] c.o.o.e.GlobalExceptionHandler - CSRF validation failed: No static resource favicon.ico for request '/favicon.ico'.
2026-10-01 15:22:44 ERROR [http-nio-8080-exec-3] c.o.o.e.GlobalExceptionHandler - CSRF validation failed: No static resource favicon.ico for request '/favicon.ico'.
2026-10-01 15:22:44 ERROR [http-nio-8080-exec-3] c.o.o.e.GlobalExceptionHandler - CSRF validation failed: No static resource favicon.ico for request '/favicon.ico'.
2026-10-01 15:22:44 ERROR [http-nio-8080-exec-7] c.o.o.e.GlobalExceptionHandler - CSRF validation failed: No static resource favicon.ico for request '/favicon.ico'.
2026-10-01 15:22:44 ERROR [http-nio-8080-exec-6] c.o.o.e.GlobalExceptionHandler - CSRF validation failed: No static resource favicon.ico for request '/favicon.ico'.
2026-10-01 15:22:45 ERROR [http-nio-8080-exec-2] c.o.o.e.GlobalExceptionHandler - CSRF validation failed: No static resource favicon.ico for request '/favicon.ico'.
2026-10-01 15:22:45 ERROR [http-nio-8080-exec-3] c.o.o.e.GlobalExceptionHandler - CSRF validation failed: No static resource favicon.ico for request '/favicon.ico'.
2026-10-01 15:24:10 INFO  [SpringApplicationShutdownHook] o.s.boot.tomcat.GracefulShutdown - Commencing graceful shutdown. Waiting for active requests to complete
2026-10-01 15:24:10 INFO  [tomcat-shutdown] o.s.boot.tomcat.GracefulShutdown - Graceful shutdown complete
2026-10-01 15:24:10 INFO  [SpringApplicationShutdownHook] o.s.o.j.LocalContainerEntityManagerFactoryBean - Closing JPA EntityManagerFactory for persistence unit 'default'
2026-10-01 15:24:10 INFO  [SpringApplicationShutdownHook] com.zaxxer.hikari.HikariDataSource - HikariPool-1 - Shutdown initiated...
2026-10-01 15:24:10 INFO  [SpringApplicationShutdownHook] com.zaxxer.hikari.HikariDataSource - HikariPool-1 - Shutdown completed.
2026-10-01 15:24:51 INFO  [main] c.o.order_mgmt.OrderMgmtApplication - Starting OrderMgmtApplication v0.0.1-SNAPSHOT using Java 25.0.4.1 with PID 1 (/app/target/order_mgmt-0.0.1-SNAPSHOT.jar started by root in /app)
2026-10-01 15:24:51 INFO  [main] c.o.order_mgmt.OrderMgmtApplication - No active profile set, falling back to 1 default profile: "default"
2026-10-01 15:24:51 INFO  [background-preinit] o.h.validator.internal.util.Version - HV000001: Hibernate Validator 9.1.3.Final
2026-10-01 15:24:51 INFO  [main] o.s.d.r.c.RepositoryConfigurationDelegate - Bootstrapping Spring Data JPA repositories in DEFAULT mode.
2026-10-01 15:24:51 INFO  [main] o.s.d.r.c.RepositoryConfigurationDelegate - Finished Spring Data repository scanning in 18 ms. Found 2 JPA repository interfaces.
2026-10-01 15:24:52 INFO  [main] o.s.boot.tomcat.TomcatWebServer - Tomcat initialized with port 8080 (http)
2026-10-01 15:24:52 INFO  [main] o.a.coyote.http11.Http11NioProtocol - Initializing ProtocolHandler ["http-nio-8080"]
2026-10-01 15:24:52 INFO  [main] o.a.catalina.core.StandardService - Starting service [Tomcat]
2026-10-01 15:24:52 INFO  [main] o.a.catalina.core.StandardEngine - Starting Servlet engine: [Apache Tomcat/11.0.24]
2026-10-01 15:24:52 INFO  [main] o.s.b.w.c.s.WebApplicationContextInitializer - Root WebApplicationContext: initialization completed in 689 ms
2026-10-01 15:24:52 INFO  [main] org.hibernate.orm.jpa - HHH008540: Processing PersistenceUnitInfo [name: default]
2026-10-01 15:24:52 INFO  [main] org.hibernate.orm.core - HHH000001: Hibernate ORM core version 7.4.5.Final
2026-10-01 15:24:52 INFO  [main] o.s.o.j.p.SpringPersistenceUnitInfo - No LoadTimeWeaver setup: ignoring JPA class transformer
2026-10-01 15:24:52 INFO  [main] com.zaxxer.hikari.HikariDataSource - HikariPool-1 - Starting...
2026-10-01 15:24:52 INFO  [main] com.zaxxer.hikari.pool.HikariPool - HikariPool-1 - Added connection org.postgresql.jdbc.PgConnection@3c87e851
2026-10-01 15:24:52 INFO  [main] com.zaxxer.hikari.HikariDataSource - HikariPool-1 - Start completed.
2026-10-01 15:24:52 INFO  [main] o.hibernate.orm.connections.pooling - HHH10001005: Database info:
	Database JDBC URL [jdbc:postgresql://postgres:5432/order_db]
	Database driver: PostgreSQL JDBC Driver
	Database dialect: PostgreSQLDialect
	Database version: 18.6
	Default catalog/schema: order_db/public
	Autocommit mode: undefined/unknown
	Isolation level: READ_COMMITTED [default READ_COMMITTED]
	JDBC fetch size: none
	Pool: DataSourceConnectionProvider
	Minimum pool size: undefined/unknown
	Maximum pool size: undefined/unknown
2026-10-01 15:24:52 INFO  [main] org.hibernate.orm.core - HHH000489: No JTA platform available (set 'hibernate.transaction.jta.platform' to enable JTA platform integration)
2026-10-01 15:24:52 INFO  [main] o.s.o.j.LocalContainerEntityManagerFactoryBean - Initialized JPA EntityManagerFactory for persistence unit 'default'
2026-10-01 15:24:52 INFO  [main] o.s.d.j.r.q.QueryEnhancerFactories - Hibernate is in classpath; If applicable, HQL parser will be used.
2026-10-01 15:24:53 WARN  [main] o.s.b.j.a.JpaBaseConfiguration$JpaWebConfiguration - spring.jpa.open-in-view is enabled by default. Therefore, database queries may be performed during view rendering. Explicitly configure spring.jpa.open-in-view to disable this warning
2026-10-01 15:24:53 INFO  [main] o.s.s.c.a.a.c.InitializeUserDetailsBeanManagerConfigurer$InitializeUserDetailsManagerConfigurer - Global AuthenticationManager configured with UserDetailsService bean with name userServiceImpl
2026-10-01 15:24:53 INFO  [main] o.a.coyote.http11.Http11NioProtocol - Starting ProtocolHandler ["http-nio-8080"]
2026-10-01 15:24:53 INFO  [main] o.s.boot.tomcat.TomcatWebServer - Tomcat started on port 8080 (http) with context path '/'
2026-10-01 15:24:53 INFO  [main] c.o.order_mgmt.OrderMgmtApplication - Started OrderMgmtApplication in 2.218 seconds (process running for 2.469)
2026-10-01 15:25:33 INFO  [http-nio-8080-exec-1] o.a.c.c.C.[Tomcat].[localhost].[/] - Initializing Spring DispatcherServlet 'dispatcherServlet'
2026-10-01 15:25:33 INFO  [http-nio-8080-exec-1] o.s.web.servlet.DispatcherServlet - Initializing Servlet 'dispatcherServlet'
2026-10-01 15:25:33 INFO  [http-nio-8080-exec-1] o.s.web.servlet.DispatcherServlet - Completed initialization in 1 ms
2026-10-01 15:25:42 ERROR [http-nio-8080-exec-7] c.o.o.e.GlobalExceptionHandler - CSRF validation failed: No static resource favicon.ico for request '/favicon.ico'.
2026-10-01 15:25:52 ERROR [http-nio-8080-exec-8] c.o.o.e.GlobalExceptionHandler - CSRF validation failed: No static resource .well-known/appspecific/com.chrome.devtools.json for request '/.well-known/appspecific/com.chrome.devtools.json'.
2026-10-01 15:30:01 INFO  [SpringApplicationShutdownHook] o.s.boot.tomcat.GracefulShutdown - Commencing graceful shutdown. Waiting for active requests to complete
2026-10-01 15:30:01 INFO  [tomcat-shutdown] o.s.boot.tomcat.GracefulShutdown - Graceful shutdown complete
2026-10-01 15:30:01 INFO  [SpringApplicationShutdownHook] o.s.o.j.LocalContainerEntityManagerFactoryBean - Closing JPA EntityManagerFactory for persistence unit 'default'
2026-10-01 15:30:01 INFO  [SpringApplicationShutdownHook] com.zaxxer.hikari.HikariDataSource - HikariPool-1 - Shutdown initiated...
2026-10-01 15:30:01 INFO  [SpringApplicationShutdownHook] com.zaxxer.hikari.HikariDataSource - HikariPool-1 - Shutdown completed.
2026-10-01 15:32:08 INFO  [main] c.o.order_mgmt.OrderMgmtApplication - Starting OrderMgmtApplication v0.0.1-SNAPSHOT using Java 25.0.4.1 with PID 1 (/app/target/order_mgmt-0.0.1-SNAPSHOT.jar started by root in /app)
2026-10-01 15:32:08 INFO  [main] c.o.order_mgmt.OrderMgmtApplication - No active profile set, falling back to 1 default profile: "default"
2026-10-01 15:32:08 INFO  [background-preinit] o.h.validator.internal.util.Version - HV000001: Hibernate Validator 9.1.3.Final
2026-10-01 15:32:08 INFO  [main] o.s.d.r.c.RepositoryConfigurationDelegate - Bootstrapping Spring Data JPA repositories in DEFAULT mode.
2026-10-01 15:32:08 INFO  [main] o.s.d.r.c.RepositoryConfigurationDelegate - Finished Spring Data repository scanning in 13 ms. Found 2 JPA repository interfaces.
2026-10-01 15:32:08 INFO  [main] o.s.boot.tomcat.TomcatWebServer - Tomcat initialized with port 8080 (http)
2026-10-01 15:32:08 INFO  [main] o.a.coyote.http11.Http11NioProtocol - Initializing ProtocolHandler ["http-nio-8080"]
2026-10-01 15:32:08 INFO  [main] o.a.catalina.core.StandardService - Starting service [Tomcat]
2026-10-01 15:32:08 INFO  [main] o.a.catalina.core.StandardEngine - Starting Servlet engine: [Apache Tomcat/11.0.24]
2026-10-01 15:32:08 INFO  [main] o.s.b.w.c.s.WebApplicationContextInitializer - Root WebApplicationContext: initialization completed in 610 ms
2026-10-01 15:32:08 INFO  [main] org.hibernate.orm.jpa - HHH008540: Processing PersistenceUnitInfo [name: default]
2026-10-01 15:32:08 INFO  [main] org.hibernate.orm.core - HHH000001: Hibernate ORM core version 7.4.5.Final
2026-10-01 15:32:09 INFO  [main] o.s.o.j.p.SpringPersistenceUnitInfo - No LoadTimeWeaver setup: ignoring JPA class transformer
2026-10-01 15:32:09 INFO  [main] com.zaxxer.hikari.HikariDataSource - HikariPool-1 - Starting...
2026-10-01 15:32:09 INFO  [main] com.zaxxer.hikari.pool.HikariPool - HikariPool-1 - Added connection org.postgresql.jdbc.PgConnection@5876bed9
2026-10-01 15:32:09 INFO  [main] com.zaxxer.hikari.HikariDataSource - HikariPool-1 - Start completed.
2026-10-01 15:32:09 INFO  [main] o.hibernate.orm.connections.pooling - HHH10001005: Database info:
	Database JDBC URL [jdbc:postgresql://postgres:5432/order_db]
	Database driver: PostgreSQL JDBC Driver
	Database dialect: PostgreSQLDialect
	Database version: 18.6
	Default catalog/schema: order_db/public
	Autocommit mode: undefined/unknown
	Isolation level: READ_COMMITTED [default READ_COMMITTED]
	JDBC fetch size: none
	Pool: DataSourceConnectionProvider
	Minimum pool size: undefined/unknown
	Maximum pool size: undefined/unknown
2026-10-01 15:32:09 INFO  [main] org.hibernate.orm.core - HHH000489: No JTA platform available (set 'hibernate.transaction.jta.platform' to enable JTA platform integration)
2026-10-01 15:32:09 INFO  [main] o.s.o.j.LocalContainerEntityManagerFactoryBean - Initialized JPA EntityManagerFactory for persistence unit 'default'
2026-10-01 15:32:09 INFO  [main] o.s.d.j.r.q.QueryEnhancerFactories - Hibernate is in classpath; If applicable, HQL parser will be used.
2026-10-01 15:32:09 WARN  [main] o.s.b.j.a.JpaBaseConfiguration$JpaWebConfiguration - spring.jpa.open-in-view is enabled by default. Therefore, database queries may be performed during view rendering. Explicitly configure spring.jpa.open-in-view to disable this warning
2026-10-01 15:32:09 INFO  [main] o.s.s.c.a.a.c.InitializeUserDetailsBeanManagerConfigurer$InitializeUserDetailsManagerConfigurer - Global AuthenticationManager configured with UserDetailsService bean with name userServiceImpl
2026-10-01 15:32:09 INFO  [main] o.a.coyote.http11.Http11NioProtocol - Starting ProtocolHandler ["http-nio-8080"]
2026-10-01 15:32:09 INFO  [main] o.s.boot.tomcat.TomcatWebServer - Tomcat started on port 8080 (http) with context path '/'
2026-10-01 15:32:09 INFO  [main] c.o.order_mgmt.OrderMgmtApplication - Started OrderMgmtApplication in 2.12 seconds (process running for 2.307)
2026-10-01 15:32:11 INFO  [http-nio-8080-exec-1] o.a.c.c.C.[Tomcat].[localhost].[/] - Initializing Spring DispatcherServlet 'dispatcherServlet'
2026-10-01 15:32:11 INFO  [http-nio-8080-exec-1] o.s.web.servlet.DispatcherServlet - Initializing Servlet 'dispatcherServlet'
2026-10-01 15:32:11 INFO  [http-nio-8080-exec-1] o.s.web.servlet.DispatcherServlet - Completed initialization in 0 ms
2026-10-01 15:32:19 ERROR [http-nio-8080-exec-8] c.o.o.e.GlobalExceptionHandler - CSRF validation failed: No static resource favicon.ico for request '/favicon.ico'.
2026-10-01 15:34:34 ERROR [http-nio-8080-exec-3] c.o.o.e.GlobalExceptionHandler - CSRF validation failed: No static resource favicon.ico for request '/favicon.ico'.
2026-10-01 15:34:34 ERROR [http-nio-8080-exec-10] c.o.o.e.GlobalExceptionHandler - CSRF validation failed: No static resource favicon.ico for request '/favicon.ico'.
2026-10-01 15:34:34 ERROR [http-nio-8080-exec-6] c.o.o.e.GlobalExceptionHandler - CSRF validation failed: No static resource favicon.ico for request '/favicon.ico'.
2026-10-01 15:34:47 ERROR [http-nio-8080-exec-9] c.o.o.e.GlobalExceptionHandler - CSRF validation failed: No static resource favicon.ico for request '/favicon.ico'.
2026-10-01 15:35:44 INFO  [SpringApplicationShutdownHook] o.s.boot.tomcat.GracefulShutdown - Commencing graceful shutdown. Waiting for active requests to complete
2026-10-01 15:35:44 INFO  [tomcat-shutdown] o.s.boot.tomcat.GracefulShutdown - Graceful shutdown complete
2026-10-01 15:35:44 INFO  [SpringApplicationShutdownHook] o.s.o.j.LocalContainerEntityManagerFactoryBean - Closing JPA EntityManagerFactory for persistence unit 'default'
2026-10-01 15:35:44 INFO  [SpringApplicationShutdownHook] com.zaxxer.hikari.HikariDataSource - HikariPool-1 - Shutdown initiated...
2026-10-01 15:35:44 INFO  [SpringApplicationShutdownHook] com.zaxxer.hikari.HikariDataSource - HikariPool-1 - Shutdown completed.
2026-10-01 15:36:26 INFO  [main] c.o.order_mgmt.OrderMgmtApplication - Starting OrderMgmtApplication v0.0.1-SNAPSHOT using Java 25.0.4.1 with PID 1 (/app/target/order_mgmt-0.0.1-SNAPSHOT.jar started by root in /app)
2026-10-01 15:36:26 INFO  [main] c.o.order_mgmt.OrderMgmtApplication - No active profile set, falling back to 1 default profile: "default"
2026-10-01 15:36:26 INFO  [background-preinit] o.h.validator.internal.util.Version - HV000001: Hibernate Validator 9.1.3.Final
2026-10-01 15:36:27 INFO  [main] o.s.d.r.c.RepositoryConfigurationDelegate - Bootstrapping Spring Data JPA repositories in DEFAULT mode.
2026-10-01 15:36:27 INFO  [main] o.s.d.r.c.RepositoryConfigurationDelegate - Finished Spring Data repository scanning in 18 ms. Found 2 JPA repository interfaces.
2026-10-01 15:36:27 INFO  [main] o.s.boot.tomcat.TomcatWebServer - Tomcat initialized with port 8080 (http)
2026-10-01 15:36:27 INFO  [main] o.a.coyote.http11.Http11NioProtocol - Initializing ProtocolHandler ["http-nio-8080"]
2026-10-01 15:36:27 INFO  [main] o.a.catalina.core.StandardService - Starting service [Tomcat]
2026-10-01 15:36:27 INFO  [main] o.a.catalina.core.StandardEngine - Starting Servlet engine: [Apache Tomcat/11.0.24]
2026-10-01 15:36:27 INFO  [main] o.s.b.w.c.s.WebApplicationContextInitializer - Root WebApplicationContext: initialization completed in 625 ms
2026-10-01 15:36:27 INFO  [main] org.hibernate.orm.jpa - HHH008540: Processing PersistenceUnitInfo [name: default]
2026-10-01 15:36:27 INFO  [main] org.hibernate.orm.core - HHH000001: Hibernate ORM core version 7.4.5.Final
2026-10-01 15:36:27 INFO  [main] o.s.o.j.p.SpringPersistenceUnitInfo - No LoadTimeWeaver setup: ignoring JPA class transformer
2026-10-01 15:36:27 INFO  [main] com.zaxxer.hikari.HikariDataSource - HikariPool-1 - Starting...
2026-10-01 15:36:27 INFO  [main] com.zaxxer.hikari.pool.HikariPool - HikariPool-1 - Added connection org.postgresql.jdbc.PgConnection@420b55ed
2026-10-01 15:36:27 INFO  [main] com.zaxxer.hikari.HikariDataSource - HikariPool-1 - Start completed.
2026-10-01 15:36:27 INFO  [main] o.hibernate.orm.connections.pooling - HHH10001005: Database info:
	Database JDBC URL [jdbc:postgresql://postgres:5432/order_db]
	Database driver: PostgreSQL JDBC Driver
	Database dialect: PostgreSQLDialect
	Database version: 18.6
	Default catalog/schema: order_db/public
	Autocommit mode: undefined/unknown
	Isolation level: READ_COMMITTED [default READ_COMMITTED]
	JDBC fetch size: none
	Pool: DataSourceConnectionProvider
	Minimum pool size: undefined/unknown
	Maximum pool size: undefined/unknown
2026-10-01 15:36:28 INFO  [main] org.hibernate.orm.core - HHH000489: No JTA platform available (set 'hibernate.transaction.jta.platform' to enable JTA platform integration)
2026-10-01 15:36:28 INFO  [main] o.s.o.j.LocalContainerEntityManagerFactoryBean - Initialized JPA EntityManagerFactory for persistence unit 'default'
2026-10-01 15:36:28 INFO  [main] o.s.d.j.r.q.QueryEnhancerFactories - Hibernate is in classpath; If applicable, HQL parser will be used.
2026-10-01 15:36:28 WARN  [main] o.s.b.j.a.JpaBaseConfiguration$JpaWebConfiguration - spring.jpa.open-in-view is enabled by default. Therefore, database queries may be performed during view rendering. Explicitly configure spring.jpa.open-in-view to disable this warning
2026-10-01 15:36:28 INFO  [main] o.s.s.c.a.a.c.InitializeUserDetailsBeanManagerConfigurer$InitializeUserDetailsManagerConfigurer - Global AuthenticationManager configured with UserDetailsService bean with name userServiceImpl
2026-10-01 15:36:28 INFO  [main] o.a.coyote.http11.Http11NioProtocol - Starting ProtocolHandler ["http-nio-8080"]
2026-10-01 15:36:28 INFO  [main] o.s.boot.tomcat.TomcatWebServer - Tomcat started on port 8080 (http) with context path '/'
2026-10-01 15:36:28 INFO  [main] c.o.order_mgmt.OrderMgmtApplication - Started OrderMgmtApplication in 1.999 seconds (process running for 2.219)
2026-10-01 15:36:36 INFO  [http-nio-8080-exec-1] o.a.c.c.C.[Tomcat].[localhost].[/] - Initializing Spring DispatcherServlet 'dispatcherServlet'
2026-10-01 15:36:36 INFO  [http-nio-8080-exec-1] o.s.web.servlet.DispatcherServlet - Initializing Servlet 'dispatcherServlet'
2026-10-01 15:36:36 INFO  [http-nio-8080-exec-1] o.s.web.servlet.DispatcherServlet - Completed initialization in 0 ms
2026-10-01 15:36:43 ERROR [http-nio-8080-exec-3] c.o.o.e.GlobalExceptionHandler - CSRF validation failed: No static resource favicon.ico for request '/favicon.ico'.
